Archive member included to satisfy reference by file (symbol)

/usr/local/Cellar/arm-none-eabi-gcc/9-2019-q4-major/gcc/bin/../lib/gcc/arm-none-eabi/9.2.1/../../../../arm-none-eabi/lib/thumb/v7-m/nofp/libg_nano.a(lib_a-errno.o)
                              CMakeFiles/AutoJoystick.elf.dir/Src/syscalls.c.obj (__errno)
/usr/local/Cellar/arm-none-eabi-gcc/9-2019-q4-major/gcc/bin/../lib/gcc/arm-none-eabi/9.2.1/../../../../arm-none-eabi/lib/thumb/v7-m/nofp/libg_nano.a(lib_a-exit.o)
                              /usr/local/Cellar/arm-none-eabi-gcc/9-2019-q4-major/gcc/bin/../lib/gcc/arm-none-eabi/9.2.1/../../../../arm-none-eabi/lib/thumb/v7-m/nofp/crt0.o (exit)
/usr/local/Cellar/arm-none-eabi-gcc/9-2019-q4-major/gcc/bin/../lib/gcc/arm-none-eabi/9.2.1/../../../../arm-none-eabi/lib/thumb/v7-m/nofp/libg_nano.a(lib_a-impure.o)
                              /usr/local/Cellar/arm-none-eabi-gcc/9-2019-q4-major/gcc/bin/../lib/gcc/arm-none-eabi/9.2.1/../../../../arm-none-eabi/lib/thumb/v7-m/nofp/libg_nano.a(lib_a-exit.o) (_global_impure_ptr)
/usr/local/Cellar/arm-none-eabi-gcc/9-2019-q4-major/gcc/bin/../lib/gcc/arm-none-eabi/9.2.1/../../../../arm-none-eabi/lib/thumb/v7-m/nofp/libg_nano.a(lib_a-init.o)
                              /usr/local/Cellar/arm-none-eabi-gcc/9-2019-q4-major/gcc/bin/../lib/gcc/arm-none-eabi/9.2.1/../../../../arm-none-eabi/lib/thumb/v7-m/nofp/crt0.o (__libc_init_array)
/usr/local/Cellar/arm-none-eabi-gcc/9-2019-q4-major/gcc/bin/../lib/gcc/arm-none-eabi/9.2.1/../../../../arm-none-eabi/lib/thumb/v7-m/nofp/libg_nano.a(lib_a-memcpy-stub.o)
                              CMakeFiles/AutoJoystick.elf.dir/Middlewares/Third_Party/FreeRTOS/Source/queue.c.obj (memcpy)
/usr/local/Cellar/arm-none-eabi-gcc/9-2019-q4-major/gcc/bin/../lib/gcc/arm-none-eabi/9.2.1/../../../../arm-none-eabi/lib/thumb/v7-m/nofp/libg_nano.a(lib_a-memset.o)
                              /usr/local/Cellar/arm-none-eabi-gcc/9-2019-q4-major/gcc/bin/../lib/gcc/arm-none-eabi/9.2.1/../../../../arm-none-eabi/lib/thumb/v7-m/nofp/crt0.o (memset)

Discarded input sections

 .text          0x0000000000000000        0x0 /usr/local/Cellar/arm-none-eabi-gcc/9-2019-q4-major/gcc/bin/../lib/gcc/arm-none-eabi/9.2.1/thumb/v7-m/nofp/crti.o
 .data          0x0000000000000000        0x0 /usr/local/Cellar/arm-none-eabi-gcc/9-2019-q4-major/gcc/bin/../lib/gcc/arm-none-eabi/9.2.1/thumb/v7-m/nofp/crti.o
 .bss           0x0000000000000000        0x0 /usr/local/Cellar/arm-none-eabi-gcc/9-2019-q4-major/gcc/bin/../lib/gcc/arm-none-eabi/9.2.1/thumb/v7-m/nofp/crti.o
 .data          0x0000000000000000        0x4 /usr/local/Cellar/arm-none-eabi-gcc/9-2019-q4-major/gcc/bin/../lib/gcc/arm-none-eabi/9.2.1/thumb/v7-m/nofp/crtbegin.o
 .text          0x0000000000000000       0x74 /usr/local/Cellar/arm-none-eabi-gcc/9-2019-q4-major/gcc/bin/../lib/gcc/arm-none-eabi/9.2.1/../../../../arm-none-eabi/lib/thumb/v7-m/nofp/crt0.o
 .data          0x0000000000000000        0x0 /usr/local/Cellar/arm-none-eabi-gcc/9-2019-q4-major/gcc/bin/../lib/gcc/arm-none-eabi/9.2.1/../../../../arm-none-eabi/lib/thumb/v7-m/nofp/crt0.o
 .bss           0x0000000000000000        0x0 /usr/local/Cellar/arm-none-eabi-gcc/9-2019-q4-major/gcc/bin/../lib/gcc/arm-none-eabi/9.2.1/../../../../arm-none-eabi/lib/thumb/v7-m/nofp/crt0.o
 .ARM.extab     0x0000000000000000        0x0 /usr/local/Cellar/arm-none-eabi-gcc/9-2019-q4-major/gcc/bin/../lib/gcc/arm-none-eabi/9.2.1/../../../../arm-none-eabi/lib/thumb/v7-m/nofp/crt0.o
 .ARM.exidx     0x0000000000000000        0x8 /usr/local/Cellar/arm-none-eabi-gcc/9-2019-q4-major/gcc/bin/../lib/gcc/arm-none-eabi/9.2.1/../../../../arm-none-eabi/lib/thumb/v7-m/nofp/crt0.o
 .ARM.attributes
                0x0000000000000000       0x1b /usr/local/Cellar/arm-none-eabi-gcc/9-2019-q4-major/gcc/bin/../lib/gcc/arm-none-eabi/9.2.1/../../../../arm-none-eabi/lib/thumb/v7-m/nofp/crt0.o
 .text          0x0000000000000000        0x0 CMakeFiles/AutoJoystick.elf.dir/Drivers/STM32F1xx_HAL_Driver/Src/stm32f1xx_hal.c.obj
 .data          0x0000000000000000        0x0 CMakeFiles/AutoJoystick.elf.dir/Drivers/STM32F1xx_HAL_Driver/Src/stm32f1xx_hal.c.obj
 .bss           0x0000000000000000        0x0 CMakeFiles/AutoJoystick.elf.dir/Drivers/STM32F1xx_HAL_Driver/Src/stm32f1xx_hal.c.obj
 .text.HAL_DeInit
                0x0000000000000000       0x30 CMakeFiles/AutoJoystick.elf.dir/Drivers/STM32F1xx_HAL_Driver/Src/stm32f1xx_hal.c.obj
 .text.HAL_MspInit
                0x0000000000000000        0xc CMakeFiles/AutoJoystick.elf.dir/Drivers/STM32F1xx_HAL_Driver/Src/stm32f1xx_hal.c.obj
 .text.HAL_MspDeInit
                0x0000000000000000        0xc CMakeFiles/AutoJoystick.elf.dir/Drivers/STM32F1xx_HAL_Driver/Src/stm32f1xx_hal.c.obj
 .text.HAL_InitTick
                0x0000000000000000       0x60 CMakeFiles/AutoJoystick.elf.dir/Drivers/STM32F1xx_HAL_Driver/Src/stm32f1xx_hal.c.obj
 .text.HAL_GetTickPrio
[...]
Memory Configuration

Name             Origin             Length             Attributes
RAM              0x0000000020000000 0x0000000000010000 xrw
FLASH            0x0000000008000000 0x0000000000080000 xr
*default*        0x0000000000000000 0xffffffffffffffff

Linker script and memory map

LOAD /usr/local/Cellar/arm-none-eabi-gcc/9-2019-q4-major/gcc/bin/../lib/gcc/arm-none-eabi/9.2.1/thumb/v7-m/nofp/crti.o
LOAD /usr/local/Cellar/arm-none-eabi-gcc/9-2019-q4-major/gcc/bin/../lib/gcc/arm-none-eabi/9.2.1/thumb/v7-m/nofp/crtbegin.o
LOAD /usr/local/Cellar/arm-none-eabi-gcc/9-2019-q4-major/gcc/bin/../lib/gcc/arm-none-eabi/9.2.1/../../../../arm-none-eabi/lib/thumb/v7-m/nofp/crt0.o
LOAD CMakeFiles/AutoJoystick.elf.dir/Drivers/STM32F1xx_HAL_Driver/Src/stm32f1xx_hal.c.obj
LOAD CMakeFiles/AutoJoystick.elf.dir/Drivers/STM32F1xx_HAL_Driver/Src/stm32f1xx_hal_cortex.c.obj
LOAD CMakeFiles/AutoJoystick.elf.dir/Drivers/STM32F1xx_HAL_Driver/Src/stm32f1xx_hal_crc.c.obj
LOAD CMakeFiles/AutoJoystick.elf.dir/Drivers/STM32F1xx_HAL_Driver/Src/stm32f1xx_hal_dma.c.obj
LOAD CMakeFiles/AutoJoystick.elf.dir/Drivers/STM32F1xx_HAL_Driver/Src/stm32f1xx_hal_exti.c.obj
LOAD CMakeFiles/AutoJoystick.elf.dir/Drivers/STM32F1xx_HAL_Driver/Src/stm32f1xx_hal_flash.c.obj
LOAD CMakeFiles/AutoJoystick.elf.dir/Drivers/STM32F1xx_HAL_Driver/Src/stm32f1xx_hal_flash_ex.c.obj
LOAD CMakeFiles/AutoJoystick.elf.dir/Drivers/STM32F1xx_HAL_Driver/Src/stm32f1xx_hal_gpio.c.obj
LOAD CMakeFiles/AutoJoystick.elf.dir/Drivers/STM32F1xx_HAL_Driver/Src/stm32f1xx_hal_gpio_ex.c.obj
LOAD CMakeFiles/AutoJoystick.elf.dir/Drivers/STM32F1xx_HAL_Driver/Src/stm32f1xx_hal_pcd.c.obj
LOAD CMakeFiles/AutoJoystick.elf.dir/Drivers/STM32F1xx_HAL_Driver/Src/stm32f1xx_hal_pcd_ex.c.obj
LOAD CMakeFiles/AutoJoystick.elf.dir/Drivers/STM32F1xx_HAL_Driver/Src/stm32f1xx_hal_pwr.c.obj
LOAD CMakeFiles/AutoJoystick.elf.dir/Drivers/STM32F1xx_HAL_Driver/Src/stm32f1xx_hal_rcc.c.obj
LOAD CMakeFiles/AutoJoystick.elf.dir/Drivers/STM32F1xx_HAL_Driver/Src/stm32f1xx_hal_rcc_ex.c.obj
LOAD CMakeFiles/AutoJoystick.elf.dir/Drivers/STM32F1xx_HAL_Driver/Src/stm32f1xx_hal_tim.c.obj
LOAD CMakeFiles/AutoJoystick.elf.dir/Drivers/STM32F1xx_HAL_Driver/Src/stm32f1xx_hal_tim_ex.c.obj
LOAD CMakeFiles/AutoJoystick.elf.dir/Drivers/STM32F1xx_HAL_Driver/Src/stm32f1xx_hal_uart.c.obj
LOAD CMakeFiles/AutoJoystick.elf.dir/Drivers/STM32F1xx_HAL_Driver/Src/stm32f1xx_ll_usb.c.obj
LOAD CMakeFiles/AutoJoystick.elf.dir/Middlewares/ST/STM32_USB_Device_Library/Class/HID/Src/usbd_hid.c.obj
LOAD CMakeFiles/AutoJoystick.elf.dir/Middlewares/ST/STM32_USB_Device_Library/Core/Src/usbd_core.c.obj
LOAD CMakeFiles/AutoJoystick.elf.dir/Middlewares/ST/STM32_USB_Device_Library/Core/Src/usbd_ctlreq.c.obj
LOAD CMakeFiles/AutoJoystick.elf.dir/Middlewares/ST/STM32_USB_Device_Library/Core/Src/usbd_ioreq.c.obj
LOAD CMakeFiles/AutoJoystick.elf.dir/Middlewares/Third_Party/FreeRTOS/Source/CMSIS_RTOS/cmsis_os.c.obj
LOAD CMakeFiles/AutoJoystick.elf.dir/Middlewares/Third_Party/FreeRTOS/Source/croutine.c.obj
LOAD CMakeFiles/AutoJoystick.elf.dir/Middlewares/Third_Party/FreeRTOS/Source/event_groups.c.obj
LOAD CMakeFiles/AutoJoystick.elf.dir/Middlewares/Third_Party/FreeRTOS/Source/list.c.obj
LOAD CMakeFiles/AutoJoystick.elf.dir/Middlewares/Third_Party/FreeRTOS/Source/portable/GCC/ARM_CM3/port.c.obj
LOAD CMakeFiles/AutoJoystick.elf.dir/Middlewares/Third_Party/FreeRTOS/Source/portable/MemMang/heap_4.c.obj
LOAD CMakeFiles/AutoJoystick.elf.dir/Middlewares/Third_Party/FreeRTOS/Source/queue.c.obj
LOAD CMakeFiles/AutoJoystick.elf.dir/Middlewares/Third_Party/FreeRTOS/Source/stream_buffer.c.obj
LOAD CMakeFiles/AutoJoystick.elf.dir/Middlewares/Third_Party/FreeRTOS/Source/tasks.c.obj
LOAD CMakeFiles/AutoJoystick.elf.dir/Middlewares/Third_Party/FreeRTOS/Source/timers.c.obj
LOAD CMakeFiles/AutoJoystick.elf.dir/Src/My/key.c.obj
LOAD CMakeFiles/AutoJoystick.elf.dir/Src/My/pc.c.obj
LOAD CMakeFiles/AutoJoystick.elf.dir/Src/My/program.c.obj
LOAD CMakeFiles/AutoJoystick.elf.dir/Src/My/usb.c.obj
LOAD CMakeFiles/AutoJoystick.elf.dir/Src/freertos.c.obj
LOAD CMakeFiles/AutoJoystick.elf.dir/Src/main.c.obj
LOAD CMakeFiles/AutoJoystick.elf.dir/Src/stm32f1xx_hal_msp.c.obj
LOAD CMakeFiles/AutoJoystick.elf.dir/Src/stm32f1xx_hal_timebase_tim.c.obj
LOAD CMakeFiles/AutoJoystick.elf.dir/Src/stm32f1xx_it.c.obj
LOAD CMakeFiles/AutoJoystick.elf.dir/Src/syscalls.c.obj
LOAD CMakeFiles/AutoJoystick.elf.dir/Src/system_stm32f1xx.c.obj
LOAD CMakeFiles/AutoJoystick.elf.dir/Src/usb_device.c.obj
LOAD CMakeFiles/AutoJoystick.elf.dir/Src/usbd_conf.c.obj
LOAD CMakeFiles/AutoJoystick.elf.dir/Src/usbd_desc.c.obj
LOAD CMakeFiles/AutoJoystick.elf.dir/startup/startup_stm32f103xe.s.obj
START GROUP
LOAD /usr/local/Cellar/arm-none-eabi-gcc/9-2019-q4-major/gcc/bin/../lib/gcc/arm-none-eabi/9.2.1/thumb/v7-m/nofp/libgcc.a
LOAD /usr/local/Cellar/arm-none-eabi-gcc/9-2019-q4-major/gcc/bin/../lib/gcc/arm-none-eabi/9.2.1/../../../../arm-none-eabi/lib/thumb/v7-m/nofp/libg_nano.a
LOAD /usr/local/Cellar/arm-none-eabi-gcc/9-2019-q4-major/gcc/bin/../lib/gcc/arm-none-eabi/9.2.1/../../../../arm-none-eabi/lib/thumb/v7-m/nofp/libc_nano.a
END GROUP
START GROUP
LOAD /usr/local/Cellar/arm-none-eabi-gcc/9-2019-q4-major/gcc/bin/../lib/gcc/arm-none-eabi/9.2.1/thumb/v7-m/nofp/libgcc.a
LOAD /usr/local/Cellar/arm-none-eabi-gcc/9-2019-q4-major/gcc/bin/../lib/gcc/arm-none-eabi/9.2.1/../../../../arm-none-eabi/lib/thumb/v7-m/nofp/libc_nano.a
LOAD /usr/local/Cellar/arm-none-eabi-gcc/9-2019-q4-major/gcc/bin/../lib/gcc/arm-none-eabi/9.2.1/../../../../arm-none-eabi/lib/thumb/v7-m/nofp/libnosys.a
END GROUP
START GROUP
LOAD /usr/local/Cellar/arm-none-eabi-gcc/9-2019-q4-major/gcc/bin/../lib/gcc/arm-none-eabi/9.2.1/thumb/v7-m/nofp/libgcc.a
LOAD /usr/local/Cellar/arm-none-eabi-gcc/9-2019-q4-major/gcc/bin/../lib/gcc/arm-none-eabi/9.2.1/../../../../arm-none-eabi/lib/thumb/v7-m/nofp/libc_nano.a
LOAD /usr/local/Cellar/arm-none-eabi-gcc/9-2019-q4-major/gcc/bin/../lib/gcc/arm-none-eabi/9.2.1/../../../../arm-none-eabi/lib/thumb/v7-m/nofp/libnosys.a
END GROUP
LOAD /usr/local/Cellar/arm-none-eabi-gcc/9-2019-q4-major/gcc/bin/../lib/gcc/arm-none-eabi/9.2.1/thumb/v7-m/nofp/crtend.o
LOAD /usr/local/Cellar/arm-none-eabi-gcc/9-2019-q4-major/gcc/bin/../lib/gcc/arm-none-eabi/9.2.1/thumb/v7-m/nofp/crtn.o
                0x0000000020010000                _estack = 0x20010000
                0x0000000000000200                _Min_Heap_Size = 0x200
                0x0000000000000400                _Min_Stack_Size = 0x400

.isr_vector     0x0000000008000000      0x1e4
                0x0000000008000000                . = ALIGN (0x4)
 *(.isr_vector)
 .isr_vector    0x0000000008000000      0x1e4 CMakeFiles/AutoJoystick.elf.dir/startup/startup_stm32f103xe.s.obj
                0x0000000008000000                g_pfnVectors
                0x00000000080001e4                . = ALIGN (0x4)

.text           0x00000000080001f0     0x7780
                0x00000000080001f0                . = ALIGN (0x4)
 *(.text)
 .text          0x00000000080001f0       0x40 /usr/local/Cellar/arm-none-eabi-gcc/9-2019-q4-major/gcc/bin/../lib/gcc/arm-none-eabi/9.2.1/thumb/v7-m/nofp/crtbegin.o
 *(.text*)
 .text.HAL_Init
                0x0000000008000230       0x2c CMakeFiles/AutoJoystick.elf.dir/Drivers/STM32F1xx_HAL_Driver/Src/stm32f1xx_hal.c.obj
                0x0000000008000230                HAL_Init
 .text.HAL_IncTick
                0x000000000800025c       0x24 CMakeFiles/AutoJoystick.elf.dir/Drivers/STM32F1xx_HAL_Driver/Src/stm32f1xx_hal.c.obj
                0x000000000800025c                HAL_IncTick
 .text.HAL_GetTick
                0x0000000008000280       0x14 CMakeFiles/AutoJoystick.elf.dir/Drivers/STM32F1xx_HAL_Driver/Src/stm32f1xx_hal.c.obj
                0x0000000008000280                HAL_GetTick
 .text.__NVIC_SetPriorityGrouping
                0x0000000008000294       0x48 CMakeFiles/AutoJoystick.elf.dir/Drivers/STM32F1xx_HAL_Driver/Src/stm32f1xx_hal_cortex.c.obj
 .text.__NVIC_GetPriorityGrouping
                0x00000000080002dc       0x1c CMakeFiles/AutoJoystick.elf.dir/Drivers/STM32F1xx_HAL_Driver/Src/stm32f1xx_hal_cortex.c.obj
 .text.__NVIC_EnableIRQ
                0x00000000080002f8       0x38 CMakeFiles/AutoJoystick.elf.dir/Drivers/STM32F1xx_HAL_Driver/Src/stm32f1xx_hal_cortex.c.obj
 .text.__NVIC_SetPriority
                0x0000000008000330       0x54 CMakeFiles/AutoJoystick.elf.dir/Drivers/STM32F1xx_HAL_Driver/Src/stm32f1xx_hal_cortex.c.obj
 .text.NVIC_EncodePriority
                0x0000000008000384       0x64 CMakeFiles/AutoJoystick.elf.dir/Drivers/STM32F1xx_HAL_Driver/Src/stm32f1xx_hal_cortex.c.obj
 .text.HAL_NVIC_SetPriorityGrouping
                0x00000000080003e8       0x16 CMakeFiles/AutoJoystick.elf.dir/Drivers/STM32F1xx_HAL_Driver/Src/stm32f1xx_hal_cortex.c.obj
                0x00000000080003e8                HAL_NVIC_SetPriorityGrouping
 .text.HAL_NVIC_SetPriority
                0x00000000080003fe       0x38 CMakeFiles/AutoJoystick.elf.dir/Drivers/STM32F1xx_HAL_Driver/Src/stm32f1xx_hal_cortex.c.obj
                0x00000000080003fe                HAL_NVIC_SetPriority
 .text.HAL_NVIC_EnableIRQ
                0x0000000008000436       0x1c CMakeFiles/AutoJoystick.elf.dir/Drivers/STM32F1xx_HAL_Driver/Src/stm32f1xx_hal_cortex.c.obj
                0x0000000008000436                HAL_NVIC_EnableIRQ
 .text.HAL_CRC_Init
                0x0000000008000452       0x38 CMakeFiles/AutoJoystick.elf.dir/Drivers/STM32F1xx_HAL_Driver/Src/stm32f1xx_hal_crc.c.obj
                0x0000000008000452                HAL_CRC_Init
 *fill*         0x000000000800048a        0x2 
 .text.HAL_GPIO_Init
                0x000000000800048c      0x328 CMakeFiles/AutoJoystick.elf.dir/Drivers/STM32F1xx_HAL_Driver/Src/stm32f1xx_hal_gpio.c.obj
                0x000000000800048c                HAL_GPIO_Init
 .text.HAL_GPIO_ReadPin
                0x00000000080007b4       0x2e CMakeFiles/AutoJoystick.elf.dir/Drivers/STM32F1xx_HAL_Driver/Src/stm32f1xx_hal_gpio.c.obj
                0x00000000080007b4                HAL_GPIO_ReadPin
 .text.HAL_GPIO_WritePin
                0x00000000080007e2       0x30 CMakeFiles/AutoJoystick.elf.dir/Drivers/STM32F1xx_HAL_Driver/Src/stm32f1xx_hal_gpio.c.obj
                0x00000000080007e2                HAL_GPIO_WritePin
 .text.HAL_PCD_Init
                0x0000000008000812      0x1c2 CMakeFiles/AutoJoystick.elf.dir/Drivers/STM32F1xx_HAL_Driver/Src/stm32f1xx_hal_pcd.c.obj
                0x0000000008000812                HAL_PCD_Init
 .text.HAL_PCD_Start
                0x00000000080009d4       0x4c CMakeFiles/AutoJoystick.elf.dir/Drivers/STM32F1xx_HAL_Driver/Src/stm32f1xx_hal_pcd.c.obj
                0x00000000080009d4                HAL_PCD_Start
 .text.HAL_PCD_IRQHandler
                0x0000000008000a20      0x21c CMakeFiles/AutoJoystick.elf.dir/Drivers/STM32F1xx_HAL_Driver/Src/stm32f1xx_hal_pcd.c.obj
                0x0000000008000a20                HAL_PCD_IRQHandler
 .text.HAL_PCD_SetAddress
                0x0000000008000c3c       0x4a CMakeFiles/AutoJoystick.elf.dir/Drivers/STM32F1xx_HAL_Driver/Src/stm32f1xx_hal_pcd.c.obj
                0x0000000008000c3c                HAL_PCD_SetAddress
 .text.HAL_PCD_EP_Open
                0x0000000008000c86       0xc0 CMakeFiles/AutoJoystick.elf.dir/Drivers/STM32F1xx_HAL_Driver/Src/stm32f1xx_hal_pcd.c.obj
                0x0000000008000c86                HAL_PCD_EP_Open
 .text.HAL_PCD_EP_Close
                0x0000000008000d46       0x84 CMakeFiles/AutoJoystick.elf.dir/Drivers/STM32F1xx_HAL_Driver/Src/stm32f1xx_hal_pcd.c.obj
                0x0000000008000d46                HAL_PCD_EP_Close
 .text.HAL_PCD_EP_Receive
                0x0000000008000dca       0x74 CMakeFiles/AutoJoystick.elf.dir/Drivers/STM32F1xx_HAL_Driver/Src/stm32f1xx_hal_pcd.c.obj
                0x0000000008000dca                HAL_PCD_EP_Receive
 .text.HAL_PCD_EP_Transmit
                0x0000000008000e3e       0x72 CMakeFiles/AutoJoystick.elf.dir/Drivers/STM32F1xx_HAL_Driver/Src/stm32f1xx_hal_pcd.c.obj
                0x0000000008000e3e                HAL_PCD_EP_Transmit
 .text.HAL_PCD_EP_SetStall
                0x0000000008000eb0       0xb4 CMakeFiles/AutoJoystick.elf.dir/Drivers/STM32F1xx_HAL_Driver/Src/stm32f1xx_hal_pcd.c.obj
                0x0000000008000eb0                HAL_PCD_EP_SetStall
 .text.HAL_PCD_EP_ClrStall
                0x0000000008000f64       0x9c CMakeFiles/AutoJoystick.elf.dir/Drivers/STM32F1xx_HAL_Driver/Src/stm32f1xx_hal_pcd.c.obj
                0x0000000008000f64                HAL_PCD_EP_ClrStall
 .text.PCD_EP_ISR_Handler
                0x0000000008001000      0x534 CMakeFiles/AutoJoystick.elf.dir/Drivers/STM32F1xx_HAL_Driver/Src/stm32f1xx_hal_pcd.c.obj
 .text.HAL_PCDEx_PMAConfig
                0x0000000008001534       0x78 CMakeFiles/AutoJoystick.elf.dir/Drivers/STM32F1xx_HAL_Driver/Src/stm32f1xx_hal_pcd_ex.c.obj
                0x0000000008001534                HAL_PCDEx_PMAConfig
 .text.HAL_RCC_OscConfig
                0x00000000080015ac      0x500 CMakeFiles/AutoJoystick.elf.dir/Drivers/STM32F1xx_HAL_Driver/Src/stm32f1xx_hal_rcc.c.obj
                0x00000000080015ac                HAL_RCC_OscConfig
 .text.HAL_RCC_ClockConfig
                0x0000000008001aac      0x1d4 CMakeFiles/AutoJoystick.elf.dir/Drivers/STM32F1xx_HAL_Driver/Src/stm32f1xx_hal_rcc.c.obj
                0x0000000008001aac                HAL_RCC_ClockConfig
 .text.HAL_RCC_GetSysClockFreq
                0x0000000008001c80       0xc0 CMakeFiles/AutoJoystick.elf.dir/Drivers/STM32F1xx_HAL_Driver/Src/stm32f1xx_hal_rcc.c.obj
                0x0000000008001c80                HAL_RCC_GetSysClockFreq
 .text.HAL_RCC_GetHCLKFreq
                0x0000000008001d40       0x14 CMakeFiles/AutoJoystick.elf.dir/Drivers/STM32F1xx_HAL_Driver/Src/stm32f1xx_hal_rcc.c.obj
                0x0000000008001d40                HAL_RCC_GetHCLKFreq
 .text.HAL_RCC_GetPCLK1Freq
                0x0000000008001d54       0x28 CMakeFiles/AutoJoystick.elf.dir/Drivers/STM32F1xx_HAL_Driver/Src/stm32f1xx_hal_rcc.c.obj
                0x0000000008001d54                HAL_RCC_GetPCLK1Freq
 .text.HAL_RCC_GetPCLK2Freq
                0x0000000008001d7c       0x28 CMakeFiles/AutoJoystick.elf.dir/Drivers/STM32F1xx_HAL_Driver/Src/stm32f1xx_hal_rcc.c.obj
                0x0000000008001d7c                HAL_RCC_GetPCLK2Freq
 .text.HAL_RCC_GetClockConfig
                0x0000000008001da4       0x60 CMakeFiles/AutoJoystick.elf.dir/Drivers/STM32F1xx_HAL_Driver/Src/stm32f1xx_hal_rcc.c.obj
                0x0000000008001da4                HAL_RCC_GetClockConfig
 .text.RCC_Delay
                0x0000000008001e04       0x3c CMakeFiles/AutoJoystick.elf.dir/Drivers/STM32F1xx_HAL_Driver/Src/stm32f1xx_hal_rcc.c.obj
 .text.HAL_RCCEx_PeriphCLKConfig
                0x0000000008001e40      0x16c CMakeFiles/AutoJoystick.elf.dir/Drivers/STM32F1xx_HAL_Driver/Src/stm32f1xx_hal_rcc_ex.c.obj
                0x0000000008001e40                HAL_RCCEx_PeriphCLKConfig
 .text.HAL_TIM_Base_Init
                0x0000000008001fac       0x56 CMakeFiles/AutoJoystick.elf.dir/Drivers/STM32F1xx_HAL_Driver/Src/stm32f1xx_hal_tim.c.obj
                0x0000000008001fac                HAL_TIM_Base_Init
 .text.HAL_TIM_Base_MspInit
                0x0000000008002002       0x12 CMakeFiles/AutoJoystick.elf.dir/Drivers/STM32F1xx_HAL_Driver/Src/stm32f1xx_hal_tim.c.obj
                0x0000000008002002                HAL_TIM_Base_MspInit
 .text.HAL_TIM_Base_Start_IT
                0x0000000008002014       0x46 CMakeFiles/AutoJoystick.elf.dir/Drivers/STM32F1xx_HAL_Driver/Src/stm32f1xx_hal_tim.c.obj
                0x0000000008002014                HAL_TIM_Base_Start_IT
 .text.HAL_TIM_IRQHandler
                0x000000000800205a      0x210 CMakeFiles/AutoJoystick.elf.dir/Drivers/STM32F1xx_HAL_Driver/Src/stm32f1xx_hal_tim.c.obj
                0x000000000800205a                HAL_TIM_IRQHandler
 .text.HAL_TIM_OC_DelayElapsedCallback
                0x000000000800226a       0x12 CMakeFiles/AutoJoystick.elf.dir/Drivers/STM32F1xx_HAL_Driver/Src/stm32f1xx_hal_tim.c.obj
                0x000000000800226a                HAL_TIM_OC_DelayElapsedCallback
 .text.HAL_TIM_IC_CaptureCallback
                0x000000000800227c       0x12 CMakeFiles/AutoJoystick.elf.dir/Drivers/STM32F1xx_HAL_Driver/Src/stm32f1xx_hal_tim.c.obj
                0x000000000800227c                HAL_TIM_IC_CaptureCallback
 .text.HAL_TIM_PWM_PulseFinishedCallback
                0x000000000800228e       0x12 CMakeFiles/AutoJoystick.elf.dir/Drivers/STM32F1xx_HAL_Driver/Src/stm32f1xx_hal_tim.c.obj
                0x000000000800228e                HAL_TIM_PWM_PulseFinishedCallback
 .text.HAL_TIM_TriggerCallback
                0x00000000080022a0       0x12 CMakeFiles/AutoJoystick.elf.dir/Drivers/STM32F1xx_HAL_Driver/Src/stm32f1xx_hal_tim.c.obj
                0x00000000080022a0                HAL_TIM_TriggerCallback
 *fill*         0x00000000080022b2        0x2 
 .text.TIM_Base_SetConfig
                0x00000000080022b4       0xf4 CMakeFiles/AutoJoystick.elf.dir/Drivers/STM32F1xx_HAL_Driver/Src/stm32f1xx_hal_tim.c.obj
                0x00000000080022b4                TIM_Base_SetConfig
 .text.HAL_TIMEx_CommutCallback
                0x00000000080023a8       0x12 CMakeFiles/AutoJoystick.elf.dir/Drivers/STM32F1xx_HAL_Driver/Src/stm32f1xx_hal_tim_ex.c.obj
                0x00000000080023a8                HAL_TIMEx_CommutCallback
 .text.HAL_TIMEx_BreakCallback
                0x00000000080023ba       0x12 CMakeFiles/AutoJoystick.elf.dir/Drivers/STM32F1xx_HAL_Driver/Src/stm32f1xx_hal_tim_ex.c.obj
                0x00000000080023ba                HAL_TIMEx_BreakCallback
 .text.HAL_UART_Init
                0x00000000080023cc       0x9a CMakeFiles/AutoJoystick.elf.dir/Drivers/STM32F1xx_HAL_Driver/Src/stm32f1xx_hal_uart.c.obj
                0x00000000080023cc                HAL_UART_Init
 *fill*         0x0000000008002466        0x2 
 .text.UART_SetConfig
                0x0000000008002468      0x1b4 CMakeFiles/AutoJoystick.elf.dir/Drivers/STM32F1xx_HAL_Driver/Src/stm32f1xx_hal_uart.c.obj
 .text.USB_CoreInit
                0x000000000800261c       0x20 CMakeFiles/AutoJoystick.elf.dir/Drivers/STM32F1xx_HAL_Driver/Src/stm32f1xx_ll_usb.c.obj
                0x000000000800261c                USB_CoreInit
 .text.USB_EnableGlobalInt
                0x000000000800263c       0x2e CMakeFiles/AutoJoystick.elf.dir/Drivers/STM32F1xx_HAL_Driver/Src/stm32f1xx_ll_usb.c.obj
                0x000000000800263c                USB_EnableGlobalInt
 .text.USB_DisableGlobalInt
                0x000000000800266a       0x38 CMakeFiles/AutoJoystick.elf.dir/Drivers/STM32F1xx_HAL_Driver/Src/stm32f1xx_ll_usb.c.obj
                0x000000000800266a                USB_DisableGlobalInt
 .text.USB_SetCurrentMode
                0x00000000080026a2       0x18 CMakeFiles/AutoJoystick.elf.dir/Drivers/STM32F1xx_HAL_Driver/Src/stm32f1xx_ll_usb.c.obj
                0x00000000080026a2                USB_SetCurrentMode
 .text.USB_DevInit
                0x00000000080026ba       0x48 CMakeFiles/AutoJoystick.elf.dir/Drivers/STM32F1xx_HAL_Driver/Src/stm32f1xx_ll_usb.c.obj
                0x00000000080026ba                USB_DevInit
 *fill*         0x0000000008002702        0x2 
 .text.USB_ActivateEndpoint
                0x0000000008002704      0x5dc CMakeFiles/AutoJoystick.elf.dir/Drivers/STM32F1xx_HAL_Driver/Src/stm32f1xx_ll_usb.c.obj
                0x0000000008002704                USB_ActivateEndpoint
 .text.USB_DeactivateEndpoint
                0x0000000008002ce0      0x32c CMakeFiles/AutoJoystick.elf.dir/Drivers/STM32F1xx_HAL_Driver/Src/stm32f1xx_ll_usb.c.obj
                0x0000000008002ce0                USB_DeactivateEndpoint
 .text.USB_EPStartXfer
                0x000000000800300c      0x570 CMakeFiles/AutoJoystick.elf.dir/Drivers/STM32F1xx_HAL_Driver/Src/stm32f1xx_ll_usb.c.obj
                0x000000000800300c                USB_EPStartXfer
 .text.USB_EPSetStall
                0x000000000800357c       0x84 CMakeFiles/AutoJoystick.elf.dir/Drivers/STM32F1xx_HAL_Driver/Src/stm32f1xx_ll_usb.c.obj
                0x000000000800357c                USB_EPSetStall
 .text.USB_EPClearStall
                0x0000000008003600      0x128 CMakeFiles/AutoJoystick.elf.dir/Drivers/STM32F1xx_HAL_Driver/Src/stm32f1xx_ll_usb.c.obj
                0x0000000008003600                USB_EPClearStall
 .text.USB_SetDevAddress
                0x0000000008003728       0x26 CMakeFiles/AutoJoystick.elf.dir/Drivers/STM32F1xx_HAL_Driver/Src/stm32f1xx_ll_usb.c.obj
                0x0000000008003728                USB_SetDevAddress
 .text.USB_DevConnect
                0x000000000800374e       0x14 CMakeFiles/AutoJoystick.elf.dir/Drivers/STM32F1xx_HAL_Driver/Src/stm32f1xx_ll_usb.c.obj
                0x000000000800374e                USB_DevConnect
 .text.USB_DevDisconnect
                0x0000000008003762       0x14 CMakeFiles/AutoJoystick.elf.dir/Drivers/STM32F1xx_HAL_Driver/Src/stm32f1xx_ll_usb.c.obj
                0x0000000008003762                USB_DevDisconnect
 .text.USB_ReadInterrupts
                0x0000000008003776       0x1e CMakeFiles/AutoJoystick.elf.dir/Drivers/STM32F1xx_HAL_Driver/Src/stm32f1xx_ll_usb.c.obj
                0x0000000008003776                USB_ReadInterrupts
 .text.USB_EP0_OutStart
                0x0000000008003794       0x16 CMakeFiles/AutoJoystick.elf.dir/Drivers/STM32F1xx_HAL_Driver/Src/stm32f1xx_ll_usb.c.obj
                0x0000000008003794                USB_EP0_OutStart
 .text.USB_WritePMA
                0x00000000080037aa       0x8a CMakeFiles/AutoJoystick.elf.dir/Drivers/STM32F1xx_HAL_Driver/Src/stm32f1xx_ll_usb.c.obj
                0x00000000080037aa                USB_WritePMA
 .text.USB_ReadPMA
                0x0000000008003834       0x9e CMakeFiles/AutoJoystick.elf.dir/Drivers/STM32F1xx_HAL_Driver/Src/stm32f1xx_ll_usb.c.obj
                0x0000000008003834                USB_ReadPMA
 .text.USBD_HID_Init
                0x00000000080038d2       0x4e CMakeFiles/AutoJoystick.elf.dir/Middlewares/ST/STM32_USB_Device_Library/Class/HID/Src/usbd_hid.c.obj
 .text.USBD_HID_DeInit
                0x0000000008003920       0x42 CMakeFiles/AutoJoystick.elf.dir/Middlewares/ST/STM32_USB_Device_Library/Class/HID/Src/usbd_hid.c.obj
 *fill*         0x0000000008003962        0x2 
 .text.USBD_HID_Setup
                0x0000000008003964      0x1fc CMakeFiles/AutoJoystick.elf.dir/Middlewares/ST/STM32_USB_Device_Library/Class/HID/Src/usbd_hid.c.obj
 .text.USBD_HID_SendReport
                0x0000000008003b60       0x44 CMakeFiles/AutoJoystick.elf.dir/Middlewares/ST/STM32_USB_Device_Library/Class/HID/Src/usbd_hid.c.obj
                0x0000000008003b60                USBD_HID_SendReport
 .text.USBD_HID_GetFSCfgDesc
                0x0000000008003ba4       0x20 CMakeFiles/AutoJoystick.elf.dir/Middlewares/ST/STM32_USB_Device_Library/Class/HID/Src/usbd_hid.c.obj
 .text.USBD_HID_GetHSCfgDesc
                0x0000000008003bc4       0x20 CMakeFiles/AutoJoystick.elf.dir/Middlewares/ST/STM32_USB_Device_Library/Class/HID/Src/usbd_hid.c.obj
 .text.USBD_HID_GetOtherSpeedCfgDesc
                0x0000000008003be4       0x20 CMakeFiles/AutoJoystick.elf.dir/Middlewares/ST/STM32_USB_Device_Library/Class/HID/Src/usbd_hid.c.obj
 .text.USBD_HID_DataIn
                0x0000000008003c04       0x22 CMakeFiles/AutoJoystick.elf.dir/Middlewares/ST/STM32_USB_Device_Library/Class/HID/Src/usbd_hid.c.obj
 *fill*         0x0000000008003c26        0x2 
 .text.USBD_HID_GetDeviceQualifierDesc
                0x0000000008003c28       0x20 CMakeFiles/AutoJoystick.elf.dir/Middlewares/ST/STM32_USB_Device_Library/Class/HID/Src/usbd_hid.c.obj
 .text.USBD_Init
                0x0000000008003c48       0x56 CMakeFiles/AutoJoystick.elf.dir/Middlewares/ST/STM32_USB_Device_Library/Core/Src/usbd_core.c.obj
                0x0000000008003c48                USBD_Init
 .text.USBD_RegisterClass
                0x0000000008003c9e       0x32 CMakeFiles/AutoJoystick.elf.dir/Middlewares/ST/STM32_USB_Device_Library/Core/Src/usbd_core.c.obj
                0x0000000008003c9e                USBD_RegisterClass
 .text.USBD_Start
                0x0000000008003cd0       0x18 CMakeFiles/AutoJoystick.elf.dir/Middlewares/ST/STM32_USB_Device_Library/Core/Src/usbd_core.c.obj
                0x0000000008003cd0                USBD_Start
 .text.USBD_RunTestMode
                0x0000000008003ce8       0x14 CMakeFiles/AutoJoystick.elf.dir/Middlewares/ST/STM32_USB_Device_Library/Core/Src/usbd_core.c.obj
                0x0000000008003ce8                USBD_RunTestMode
 .text.USBD_SetClassConfig
                0x0000000008003cfc       0x3e CMakeFiles/AutoJoystick.elf.dir/Middlewares/ST/STM32_USB_Device_Library/Core/Src/usbd_core.c.obj
                0x0000000008003cfc                USBD_SetClassConfig
 .text.USBD_ClrClassConfig
                0x0000000008003d3a       0x26 CMakeFiles/AutoJoystick.elf.dir/Middlewares/ST/STM32_USB_Device_Library/Core/Src/usbd_core.c.obj
                0x0000000008003d3a                USBD_ClrClassConfig
 .text.USBD_LL_SetupStage
                0x0000000008003d60       0x9a CMakeFiles/AutoJoystick.elf.dir/Middlewares/ST/STM32_USB_Device_Library/Core/Src/usbd_core.c.obj
                0x0000000008003d60                USBD_LL_SetupStage
 .text.USBD_LL_DataOutStage
                0x0000000008003dfa       0xe2 CMakeFiles/AutoJoystick.elf.dir/Middlewares/ST/STM32_USB_Device_Library/Core/Src/usbd_core.c.obj
                0x0000000008003dfa                USBD_LL_DataOutStage
 .text.USBD_LL_DataInStage
                0x0000000008003edc      0x14a CMakeFiles/AutoJoystick.elf.dir/Middlewares/ST/STM32_USB_Device_Library/Core/Src/usbd_core.c.obj
                0x0000000008003edc                USBD_LL_DataInStage
 .text.USBD_LL_Reset
                0x0000000008004026       0x82 CMakeFiles/AutoJoystick.elf.dir/Middlewares/ST/STM32_USB_Device_Library/Core/Src/usbd_core.c.obj
                0x0000000008004026                USBD_LL_Reset
 .text.USBD_LL_SetSpeed
                0x00000000080040a8       0x1e CMakeFiles/AutoJoystick.elf.dir/Middlewares/ST/STM32_USB_Device_Library/Core/Src/usbd_core.c.obj
                0x00000000080040a8                USBD_LL_SetSpeed
 .text.USBD_LL_Suspend
                0x00000000080040c6       0x28 CMakeFiles/AutoJoystick.elf.dir/Middlewares/ST/STM32_USB_Device_Library/Core/Src/usbd_core.c.obj
                0x00000000080040c6                USBD_LL_Suspend
 .text.USBD_LL_Resume
                0x00000000080040ee       0x2a CMakeFiles/AutoJoystick.elf.dir/Middlewares/ST/STM32_USB_Device_Library/Core/Src/usbd_core.c.obj
                0x00000000080040ee                USBD_LL_Resume
 .text.USBD_LL_SOF
                0x0000000008004118       0x34 CMakeFiles/AutoJoystick.elf.dir/Middlewares/ST/STM32_USB_Device_Library/Core/Src/usbd_core.c.obj
                0x0000000008004118                USBD_LL_SOF
 .text.USBD_StdDevReq
                0x000000000800414c       0xd4 CMakeFiles/AutoJoystick.elf.dir/Middlewares/ST/STM32_USB_Device_Library/Core/Src/usbd_ctlreq.c.obj
                0x000000000800414c                USBD_StdDevReq
 .text.USBD_StdItfReq
                0x0000000008004220       0x90 CMakeFiles/AutoJoystick.elf.dir/Middlewares/ST/STM32_USB_Device_Library/Core/Src/usbd_ctlreq.c.obj
                0x0000000008004220                USBD_StdItfReq
 .text.USBD_StdEPReq
                0x00000000080042b0      0x2c6 CMakeFiles/AutoJoystick.elf.dir/Middlewares/ST/STM32_USB_Device_Library/Core/Src/usbd_ctlreq.c.obj
                0x00000000080042b0                USBD_StdEPReq
 *fill*         0x0000000008004576        0x2 
 .text.USBD_GetDescriptor
                0x0000000008004578      0x2d0 CMakeFiles/AutoJoystick.elf.dir/Middlewares/ST/STM32_USB_Device_Library/Core/Src/usbd_ctlreq.c.obj
 .text.USBD_SetAddress
                0x0000000008004848       0x86 CMakeFiles/AutoJoystick.elf.dir/Middlewares/ST/STM32_USB_Device_Library/Core/Src/usbd_ctlreq.c.obj
 *fill*         0x00000000080048ce        0x2 
 .text.USBD_SetConfig
                0x00000000080048d0      0x11c CMakeFiles/AutoJoystick.elf.dir/Middlewares/ST/STM32_USB_Device_Library/Core/Src/usbd_ctlreq.c.obj
 .text.USBD_GetConfig
                0x00000000080049ec       0x6a CMakeFiles/AutoJoystick.elf.dir/Middlewares/ST/STM32_USB_Device_Library/Core/Src/usbd_ctlreq.c.obj
 .text.USBD_GetStatus
                0x0000000008004a56       0x66 CMakeFiles/AutoJoystick.elf.dir/Middlewares/ST/STM32_USB_Device_Library/Core/Src/usbd_ctlreq.c.obj
 .text.USBD_SetFeature
                0x0000000008004abc       0x28 CMakeFiles/AutoJoystick.elf.dir/Middlewares/ST/STM32_USB_Device_Library/Core/Src/usbd_ctlreq.c.obj
 .text.USBD_ClrFeature
                0x0000000008004ae4       0x42 CMakeFiles/AutoJoystick.elf.dir/Middlewares/ST/STM32_USB_Device_Library/Core/Src/usbd_ctlreq.c.obj
 .text.USBD_ParseSetupRequest
                0x0000000008004b26       0x78 CMakeFiles/AutoJoystick.elf.dir/Middlewares/ST/STM32_USB_Device_Library/Core/Src/usbd_ctlreq.c.obj
                0x0000000008004b26                USBD_ParseSetupRequest
 .text.USBD_CtlError
                0x0000000008004b9e       0x22 CMakeFiles/AutoJoystick.elf.dir/Middlewares/ST/STM32_USB_Device_Library/Core/Src/usbd_ctlreq.c.obj
                0x0000000008004b9e                USBD_CtlError
 .text.USBD_GetString
                0x0000000008004bc0       0x84 CMakeFiles/AutoJoystick.elf.dir/Middlewares/ST/STM32_USB_Device_Library/Core/Src/usbd_ctlreq.c.obj
                0x0000000008004bc0                USBD_GetString
 .text.USBD_GetLen
                0x0000000008004c44       0x2e CMakeFiles/AutoJoystick.elf.dir/Middlewares/ST/STM32_USB_Device_Library/Core/Src/usbd_ctlreq.c.obj
 .text.USBD_CtlSendData
                0x0000000008004c72       0x38 CMakeFiles/AutoJoystick.elf.dir/Middlewares/ST/STM32_USB_Device_Library/Core/Src/usbd_ioreq.c.obj
                0x0000000008004c72                USBD_CtlSendData
 .text.USBD_CtlContinueSendData
                0x0000000008004caa       0x24 CMakeFiles/AutoJoystick.elf.dir/Middlewares/ST/STM32_USB_Device_Library/Core/Src/usbd_ioreq.c.obj
                0x0000000008004caa                USBD_CtlContinueSendData
 .text.USBD_CtlContinueRx
                0x0000000008004cce       0x24 CMakeFiles/AutoJoystick.elf.dir/Middlewares/ST/STM32_USB_Device_Library/Core/Src/usbd_ioreq.c.obj
                0x0000000008004cce                USBD_CtlContinueRx
 .text.USBD_CtlSendStatus
                0x0000000008004cf2       0x26 CMakeFiles/AutoJoystick.elf.dir/Middlewares/ST/STM32_USB_Device_Library/Core/Src/usbd_ioreq.c.obj
                0x0000000008004cf2                USBD_CtlSendStatus
 .text.USBD_CtlReceiveStatus
                0x0000000008004d18       0x26 CMakeFiles/AutoJoystick.elf.dir/Middlewares/ST/STM32_USB_Device_Library/Core/Src/usbd_ioreq.c.obj
                0x0000000008004d18                USBD_CtlReceiveStatus
 .text.makeFreeRtosPriority
                0x0000000008004d3e       0x2e CMakeFiles/AutoJoystick.elf.dir/Middlewares/Third_Party/FreeRTOS/Source/CMSIS_RTOS/cmsis_os.c.obj
 .text.inHandlerMode
                0x0000000008004d6c       0x22 CMakeFiles/AutoJoystick.elf.dir/Middlewares/Third_Party/FreeRTOS/Source/CMSIS_RTOS/cmsis_os.c.obj
 .text.osKernelStart
                0x0000000008004d8e        0xe CMakeFiles/AutoJoystick.elf.dir/Middlewares/Third_Party/FreeRTOS/Source/CMSIS_RTOS/cmsis_os.c.obj
                0x0000000008004d8e                osKernelStart
 .text.osThreadCreate
                0x0000000008004d9c       0x4e CMakeFiles/AutoJoystick.elf.dir/Middlewares/Third_Party/FreeRTOS/Source/CMSIS_RTOS/cmsis_os.c.obj
                0x0000000008004d9c                osThreadCreate
 .text.osDelay  0x0000000008004dea       0x28 CMakeFiles/AutoJoystick.elf.dir/Middlewares/Third_Party/FreeRTOS/Source/CMSIS_RTOS/cmsis_os.c.obj
                0x0000000008004dea                osDelay
 *fill*         0x0000000008004e12        0x2 
 .text.osSignalSet
                0x0000000008004e14       0x80 CMakeFiles/AutoJoystick.elf.dir/Middlewares/Third_Party/FreeRTOS/Source/CMSIS_RTOS/cmsis_os.c.obj
                0x0000000008004e14                osSignalSet
 .text.osSignalWait
                0x0000000008004e94       0x98 CMakeFiles/AutoJoystick.elf.dir/Middlewares/Third_Party/FreeRTOS/Source/CMSIS_RTOS/cmsis_os.c.obj
                0x0000000008004e94                osSignalWait
 .text.vListInitialise
                0x0000000008004f2c       0x3e CMakeFiles/AutoJoystick.elf.dir/Middlewares/Third_Party/FreeRTOS/Source/list.c.obj
                0x0000000008004f2c                vListInitialise
 .text.vListInitialiseItem
                0x0000000008004f6a       0x18 CMakeFiles/AutoJoystick.elf.dir/Middlewares/Third_Party/FreeRTOS/Source/list.c.obj
                0x0000000008004f6a                vListInitialiseItem
 .text.vListInsertEnd
                0x0000000008004f82       0x46 CMakeFiles/AutoJoystick.elf.dir/Middlewares/Third_Party/FreeRTOS/Source/list.c.obj
                0x0000000008004f82                vListInsertEnd
 .text.vListInsert
                0x0000000008004fc8       0x70 CMakeFiles/AutoJoystick.elf.dir/Middlewares/Third_Party/FreeRTOS/Source/list.c.obj
                0x0000000008004fc8                vListInsert
 .text.uxListRemove
                0x0000000008005038       0x52 CMakeFiles/AutoJoystick.elf.dir/Middlewares/Third_Party/FreeRTOS/Source/list.c.obj
                0x0000000008005038                uxListRemove
 *fill*         0x000000000800508a        0x2 
 .text.pxPortInitialiseStack
                0x000000000800508c       0x58 CMakeFiles/AutoJoystick.elf.dir/Middlewares/Third_Party/FreeRTOS/Source/portable/GCC/ARM_CM3/port.c.obj
                0x000000000800508c                pxPortInitialiseStack
 .text.prvTaskExitError
                0x00000000080050e4       0x58 CMakeFiles/AutoJoystick.elf.dir/Middlewares/Third_Party/FreeRTOS/Source/portable/GCC/ARM_CM3/port.c.obj
 *fill*         0x000000000800513c        0x4 
 .text.SVC_Handler
                0x0000000008005140       0x28 CMakeFiles/AutoJoystick.elf.dir/Middlewares/Third_Party/FreeRTOS/Source/portable/GCC/ARM_CM3/port.c.obj
                0x0000000008005140                SVC_Handler
 .text.prvPortStartFirstTask
                0x0000000008005168       0x20 CMakeFiles/AutoJoystick.elf.dir/Middlewares/Third_Party/FreeRTOS/Source/portable/GCC/ARM_CM3/port.c.obj
 .text.xPortStartScheduler
                0x0000000008005188       0xe4 CMakeFiles/AutoJoystick.elf.dir/Middlewares/Third_Party/FreeRTOS/Source/portable/GCC/ARM_CM3/port.c.obj
                0x0000000008005188                xPortStartScheduler
 .text.vPortEnterCritical
                0x000000000800526c       0x60 CMakeFiles/AutoJoystick.elf.dir/Middlewares/Third_Party/FreeRTOS/Source/portable/GCC/ARM_CM3/port.c.obj
                0x000000000800526c                vPortEnterCritical
 .text.vPortExitCritical
                0x00000000080052cc       0x50 CMakeFiles/AutoJoystick.elf.dir/Middlewares/Third_Party/FreeRTOS/Source/portable/GCC/ARM_CM3/port.c.obj
                0x00000000080052cc                vPortExitCritical
 *fill*         0x000000000800531c        0x4 
 .text.PendSV_Handler
                0x0000000008005320       0x48 CMakeFiles/AutoJoystick.elf.dir/Middlewares/Third_Party/FreeRTOS/Source/portable/GCC/ARM_CM3/port.c.obj
                0x0000000008005320                PendSV_Handler
 .text.SysTick_Handler
                0x0000000008005368       0x44 CMakeFiles/AutoJoystick.elf.dir/Middlewares/Third_Party/FreeRTOS/Source/portable/GCC/ARM_CM3/port.c.obj
                0x0000000008005368                SysTick_Handler
 .text.vPortSetupTimerInterrupt
                0x00000000080053ac       0x44 CMakeFiles/AutoJoystick.elf.dir/Middlewares/Third_Party/FreeRTOS/Source/portable/GCC/ARM_CM3/port.c.obj
                0x00000000080053ac                vPortSetupTimerInterrupt
 .text.vPortValidateInterruptPriority
                0x00000000080053f0       0x7c CMakeFiles/AutoJoystick.elf.dir/Middlewares/Third_Party/FreeRTOS/Source/portable/GCC/ARM_CM3/port.c.obj
                0x00000000080053f0                vPortValidateInterruptPriority
 .text.pvPortMalloc
                0x000000000800546c      0x188 CMakeFiles/AutoJoystick.elf.dir/Middlewares/Third_Party/FreeRTOS/Source/portable/MemMang/heap_4.c.obj
                0x000000000800546c                pvPortMalloc
 .text.vPortFree
                0x00000000080055f4       0xb4 CMakeFiles/AutoJoystick.elf.dir/Middlewares/Third_Party/FreeRTOS/Source/portable/MemMang/heap_4.c.obj
                0x00000000080055f4                vPortFree
 .text.prvHeapInit
                0x00000000080056a8       0xc4 CMakeFiles/AutoJoystick.elf.dir/Middlewares/Third_Party/FreeRTOS/Source/portable/MemMang/heap_4.c.obj
 .text.prvInsertBlockIntoFreeList
                0x000000000800576c       0xb0 CMakeFiles/AutoJoystick.elf.dir/Middlewares/Third_Party/FreeRTOS/Source/portable/MemMang/heap_4.c.obj
 .text.xTaskCreate
                0x000000000800581c       0x82 CMakeFiles/AutoJoystick.elf.dir/Middlewares/Third_Party/FreeRTOS/Source/tasks.c.obj
                0x000000000800581c                xTaskCreate
 .text.prvInitialiseNewTask
                0x000000000800589e       0xfe CMakeFiles/AutoJoystick.elf.dir/Middlewares/Third_Party/FreeRTOS/Source/tasks.c.obj
 .text.prvAddNewTaskToReadyList
                0x000000000800599c       0xd4 CMakeFiles/AutoJoystick.elf.dir/Middlewares/Third_Party/FreeRTOS/Source/tasks.c.obj
 .text.vTaskDelay
                0x0000000008005a70       0x68 CMakeFiles/AutoJoystick.elf.dir/Middlewares/Third_Party/FreeRTOS/Source/tasks.c.obj
                0x0000000008005a70                vTaskDelay
 .text.vTaskStartScheduler
                0x0000000008005ad8       0x90 CMakeFiles/AutoJoystick.elf.dir/Middlewares/Third_Party/FreeRTOS/Source/tasks.c.obj
                0x0000000008005ad8                vTaskStartScheduler
 .text.vTaskSuspendAll
                0x0000000008005b68       0x1c CMakeFiles/AutoJoystick.elf.dir/Middlewares/Third_Party/FreeRTOS/Source/tasks.c.obj
                0x0000000008005b68                vTaskSuspendAll
 .text.xTaskResumeAll
                0x0000000008005b84      0x138 CMakeFiles/AutoJoystick.elf.dir/Middlewares/Third_Party/FreeRTOS/Source/tasks.c.obj
                0x0000000008005b84                xTaskResumeAll
 .text.xTaskIncrementTick
                0x0000000008005cbc      0x17c CMakeFiles/AutoJoystick.elf.dir/Middlewares/Third_Party/FreeRTOS/Source/tasks.c.obj
                0x0000000008005cbc                xTaskIncrementTick
 .text.vTaskSwitchContext
                0x0000000008005e38       0xb4 CMakeFiles/AutoJoystick.elf.dir/Middlewares/Third_Party/FreeRTOS/Source/tasks.c.obj
                0x0000000008005e38                vTaskSwitchContext
 .text.prvIdleTask
                0x0000000008005eec       0x30 CMakeFiles/AutoJoystick.elf.dir/Middlewares/Third_Party/FreeRTOS/Source/tasks.c.obj
 .text.prvInitialiseTaskLists
                0x0000000008005f1c       0x80 CMakeFiles/AutoJoystick.elf.dir/Middlewares/Third_Party/FreeRTOS/Source/tasks.c.obj
 .text.prvCheckTasksWaitingTermination
                0x0000000008005f9c       0x5c CMakeFiles/AutoJoystick.elf.dir/Middlewares/Third_Party/FreeRTOS/Source/tasks.c.obj
 .text.prvDeleteTCB
                0x0000000008005ff8       0x20 CMakeFiles/AutoJoystick.elf.dir/Middlewares/Third_Party/FreeRTOS/Source/tasks.c.obj
 .text.prvResetNextTaskUnblockTime
                0x0000000008006018       0x48 CMakeFiles/AutoJoystick.elf.dir/Middlewares/Third_Party/FreeRTOS/Source/tasks.c.obj
 .text.xTaskNotifyWait
                0x0000000008006060       0xb4 CMakeFiles/AutoJoystick.elf.dir/Middlewares/Third_Party/FreeRTOS/Source/tasks.c.obj
                0x0000000008006060                xTaskNotifyWait
 .text.xTaskGenericNotify
                0x0000000008006114      0x148 CMakeFiles/AutoJoystick.elf.dir/Middlewares/Third_Party/FreeRTOS/Source/tasks.c.obj
                0x0000000008006114                xTaskGenericNotify
 .text.xTaskGenericNotifyFromISR
                0x000000000800625c      0x190 CMakeFiles/AutoJoystick.elf.dir/Middlewares/Third_Party/FreeRTOS/Source/tasks.c.obj
                0x000000000800625c                xTaskGenericNotifyFromISR
 .text.prvAddCurrentTaskToDelayedList
                0x00000000080063ec       0xcc CMakeFiles/AutoJoystick.elf.dir/Middlewares/Third_Party/FreeRTOS/Source/tasks.c.obj
 .text.print4   0x00000000080064b8       0xe4 CMakeFiles/AutoJoystick.elf.dir/Src/My/pc.c.obj
                0x00000000080064b8                print4
 .text.print    0x000000000800659c      0x148 CMakeFiles/AutoJoystick.elf.dir/Src/My/pc.c.obj
                0x000000000800659c                print
 .text.countTimeTask
                0x00000000080066e4       0x3c CMakeFiles/AutoJoystick.elf.dir/Src/My/pc.c.obj
                0x00000000080066e4                countTimeTask
 .text.countTimeTask2
                0x0000000008006720       0x3c CMakeFiles/AutoJoystick.elf.dir/Src/My/pc.c.obj
                0x0000000008006720                countTimeTask2
 .text.printPCTask
                0x000000000800675c       0x20 CMakeFiles/AutoJoystick.elf.dir/Src/My/pc.c.obj
                0x000000000800675c                printPCTask
 .text.USBTask  0x000000000800677c       0xdc CMakeFiles/AutoJoystick.elf.dir/Src/My/program.c.obj
                0x000000000800677c                USBTask
 .text.USBTickTask
                0x0000000008006858       0x28 CMakeFiles/AutoJoystick.elf.dir/Src/My/program.c.obj
                0x0000000008006858                USBTickTask
 .text.HID_Task
                0x0000000008006880       0x20 CMakeFiles/AutoJoystick.elf.dir/Src/My/usb.c.obj
                0x0000000008006880                HID_Task
 .text.RunStep  0x00000000080068a0       0x30 CMakeFiles/AutoJoystick.elf.dir/Src/My/usb.c.obj
                0x00000000080068a0                RunStep
 .text.RunScript
                0x00000000080068d0       0x7c CMakeFiles/AutoJoystick.elf.dir/Src/My/usb.c.obj
                0x00000000080068d0                RunScript
 .text.GetNextReport
                0x000000000800694c      0x200 CMakeFiles/AutoJoystick.elf.dir/Src/My/usb.c.obj
                0x000000000800694c                GetNextReport
 .text.main     0x0000000008006b4c      0x118 CMakeFiles/AutoJoystick.elf.dir/Src/main.c.obj
                0x0000000008006b4c                main
 .text.SystemClock_Config
                0x0000000008006c64       0xba CMakeFiles/AutoJoystick.elf.dir/Src/main.c.obj
                0x0000000008006c64                SystemClock_Config
 *fill*         0x0000000008006d1e        0x2 
 .text.MX_CRC_Init
                0x0000000008006d20       0x28 CMakeFiles/AutoJoystick.elf.dir/Src/main.c.obj
 .text.MX_USART1_UART_Init
                0x0000000008006d48       0x54 CMakeFiles/AutoJoystick.elf.dir/Src/main.c.obj
 .text.MX_GPIO_Init
                0x0000000008006d9c      0x188 CMakeFiles/AutoJoystick.elf.dir/Src/main.c.obj
 .text.StartDefaultTask
                0x0000000008006f24       0x14 CMakeFiles/AutoJoystick.elf.dir/Src/main.c.obj
                0x0000000008006f24                StartDefaultTask
 .text.HAL_TIM_PeriodElapsedCallback
                0x0000000008006f38       0x24 CMakeFiles/AutoJoystick.elf.dir/Src/main.c.obj
                0x0000000008006f38                HAL_TIM_PeriodElapsedCallback
 .text.Error_Handler
                0x0000000008006f5c        0xc CMakeFiles/AutoJoystick.elf.dir/Src/main.c.obj
                0x0000000008006f5c                Error_Handler
 .text.HAL_MspInit
                0x0000000008006f68       0x70 CMakeFiles/AutoJoystick.elf.dir/Src/stm32f1xx_hal_msp.c.obj
                0x0000000008006f68                HAL_MspInit
 .text.HAL_CRC_MspInit
                0x0000000008006fd8       0x3c CMakeFiles/AutoJoystick.elf.dir/Src/stm32f1xx_hal_msp.c.obj
                0x0000000008006fd8                HAL_CRC_MspInit
 .text.HAL_UART_MspInit
                0x0000000008007014       0x98 CMakeFiles/AutoJoystick.elf.dir/Src/stm32f1xx_hal_msp.c.obj
                0x0000000008007014                HAL_UART_MspInit
 .text.HAL_InitTick
                0x00000000080070ac       0xac CMakeFiles/AutoJoystick.elf.dir/Src/stm32f1xx_hal_timebase_tim.c.obj
                0x00000000080070ac                HAL_InitTick
 .text.NMI_Handler
                0x0000000008007158        0xc CMakeFiles/AutoJoystick.elf.dir/Src/stm32f1xx_it.c.obj
                0x0000000008007158                NMI_Handler
 .text.HardFault_Handler
                0x0000000008007164        0x6 CMakeFiles/AutoJoystick.elf.dir/Src/stm32f1xx_it.c.obj
                0x0000000008007164                HardFault_Handler
 .text.MemManage_Handler
                0x000000000800716a        0x6 CMakeFiles/AutoJoystick.elf.dir/Src/stm32f1xx_it.c.obj
                0x000000000800716a                MemManage_Handler
 .text.BusFault_Handler
                0x0000000008007170        0x6 CMakeFiles/AutoJoystick.elf.dir/Src/stm32f1xx_it.c.obj
                0x0000000008007170                BusFault_Handler
 .text.UsageFault_Handler
                0x0000000008007176        0x6 CMakeFiles/AutoJoystick.elf.dir/Src/stm32f1xx_it.c.obj
                0x0000000008007176                UsageFault_Handler
 .text.DebugMon_Handler
                0x000000000800717c        0xc CMakeFiles/AutoJoystick.elf.dir/Src/stm32f1xx_it.c.obj
                0x000000000800717c                DebugMon_Handler
 .text.USB_LP_CAN1_RX0_IRQHandler
                0x0000000008007188       0x14 CMakeFiles/AutoJoystick.elf.dir/Src/stm32f1xx_it.c.obj
                0x0000000008007188                USB_LP_CAN1_RX0_IRQHandler
 .text.TIM1_UP_IRQHandler
                0x000000000800719c       0x14 CMakeFiles/AutoJoystick.elf.dir/Src/stm32f1xx_it.c.obj
                0x000000000800719c                TIM1_UP_IRQHandler
 .text.SystemInit
                0x00000000080071b0       0x68 CMakeFiles/AutoJoystick.elf.dir/Src/system_stm32f1xx.c.obj
                0x00000000080071b0                SystemInit
 .text.MX_USB_DEVICE_Init
                0x0000000008007218       0x4c CMakeFiles/AutoJoystick.elf.dir/Src/usb_device.c.obj
                0x0000000008007218                MX_USB_DEVICE_Init
 .text.HAL_PCD_MspInit
                0x0000000008007264       0x4c CMakeFiles/AutoJoystick.elf.dir/Src/usbd_conf.c.obj
                0x0000000008007264                HAL_PCD_MspInit
 .text.HAL_PCD_SetupStageCallback
                0x00000000080072b0       0x24 CMakeFiles/AutoJoystick.elf.dir/Src/usbd_conf.c.obj
                0x00000000080072b0                HAL_PCD_SetupStageCallback
 .text.HAL_PCD_DataOutStageCallback
                0x00000000080072d4       0x30 CMakeFiles/AutoJoystick.elf.dir/Src/usbd_conf.c.obj
                0x00000000080072d4                HAL_PCD_DataOutStageCallback
 .text.HAL_PCD_DataInStageCallback
                0x0000000008007304       0x2e CMakeFiles/AutoJoystick.elf.dir/Src/usbd_conf.c.obj
                0x0000000008007304                HAL_PCD_DataInStageCallback
 .text.HAL_PCD_SOFCallback
                0x0000000008007332       0x1c CMakeFiles/AutoJoystick.elf.dir/Src/usbd_conf.c.obj
                0x0000000008007332                HAL_PCD_SOFCallback
 .text.HAL_PCD_ResetCallback
                0x000000000800734e       0x3c CMakeFiles/AutoJoystick.elf.dir/Src/usbd_conf.c.obj
                0x000000000800734e                HAL_PCD_ResetCallback
 *fill*         0x000000000800738a        0x2 
 .text.HAL_PCD_SuspendCallback
                0x000000000800738c       0x34 CMakeFiles/AutoJoystick.elf.dir/Src/usbd_conf.c.obj
                0x000000000800738c                HAL_PCD_SuspendCallback
 .text.HAL_PCD_ResumeCallback
                0x00000000080073c0       0x1c CMakeFiles/AutoJoystick.elf.dir/Src/usbd_conf.c.obj
                0x00000000080073c0                HAL_PCD_ResumeCallback
 .text.USBD_LL_Init
                0x00000000080073dc       0x90 CMakeFiles/AutoJoystick.elf.dir/Src/usbd_conf.c.obj
                0x00000000080073dc                USBD_LL_Init
 .text.USBD_LL_Start
                0x000000000800746c       0x36 CMakeFiles/AutoJoystick.elf.dir/Src/usbd_conf.c.obj
                0x000000000800746c                USBD_LL_Start
 .text.USBD_LL_OpenEP
                0x00000000080074a2       0x4c CMakeFiles/AutoJoystick.elf.dir/Src/usbd_conf.c.obj
                0x00000000080074a2                USBD_LL_OpenEP
 .text.USBD_LL_CloseEP
                0x00000000080074ee       0x3e CMakeFiles/AutoJoystick.elf.dir/Src/usbd_conf.c.obj
                0x00000000080074ee                USBD_LL_CloseEP
 .text.USBD_LL_StallEP
                0x000000000800752c       0x3e CMakeFiles/AutoJoystick.elf.dir/Src/usbd_conf.c.obj
                0x000000000800752c                USBD_LL_StallEP
 .text.USBD_LL_ClearStallEP
                0x000000000800756a       0x3e CMakeFiles/AutoJoystick.elf.dir/Src/usbd_conf.c.obj
                0x000000000800756a                USBD_LL_ClearStallEP
 .text.USBD_LL_IsStallEP
                0x00000000080075a8       0x4a CMakeFiles/AutoJoystick.elf.dir/Src/usbd_conf.c.obj
                0x00000000080075a8                USBD_LL_IsStallEP
 .text.USBD_LL_SetUSBAddress
                0x00000000080075f2       0x3e CMakeFiles/AutoJoystick.elf.dir/Src/usbd_conf.c.obj
                0x00000000080075f2                USBD_LL_SetUSBAddress
 .text.USBD_LL_Transmit
                0x0000000008007630       0x46 CMakeFiles/AutoJoystick.elf.dir/Src/usbd_conf.c.obj
                0x0000000008007630                USBD_LL_Transmit
 .text.USBD_LL_PrepareReceive
                0x0000000008007676       0x46 CMakeFiles/AutoJoystick.elf.dir/Src/usbd_conf.c.obj
                0x0000000008007676                USBD_LL_PrepareReceive
 .text.USBD_static_malloc
                0x00000000080076bc       0x18 CMakeFiles/AutoJoystick.elf.dir/Src/usbd_conf.c.obj
                0x00000000080076bc                USBD_static_malloc
 .text.USBD_static_free
                0x00000000080076d4       0x12 CMakeFiles/AutoJoystick.elf.dir/Src/usbd_conf.c.obj
                0x00000000080076d4                USBD_static_free
 .text.HAL_PCDEx_SetConnectionState
                0x00000000080076e6       0x16 CMakeFiles/AutoJoystick.elf.dir/Src/usbd_conf.c.obj
                0x00000000080076e6                HAL_PCDEx_SetConnectionState
 .text.USBD_Get_USB_Status
                0x00000000080076fc       0x58 CMakeFiles/AutoJoystick.elf.dir/Src/usbd_conf.c.obj
 .text.USBD_FS_DeviceDescriptor
                0x0000000008007754       0x24 CMakeFiles/AutoJoystick.elf.dir/Src/usbd_desc.c.obj
                0x0000000008007754                USBD_FS_DeviceDescriptor
 .text.USBD_FS_LangIDStrDescriptor
                0x0000000008007778       0x24 CMakeFiles/AutoJoystick.elf.dir/Src/usbd_desc.c.obj
                0x0000000008007778                USBD_FS_LangIDStrDescriptor
 .text.USBD_FS_ProductStrDescriptor
                0x000000000800779c       0x3c CMakeFiles/AutoJoystick.elf.dir/Src/usbd_desc.c.obj
                0x000000000800779c                USBD_FS_ProductStrDescriptor
 .text.USBD_FS_ManufacturerStrDescriptor
                0x00000000080077d8       0x28 CMakeFiles/AutoJoystick.elf.dir/Src/usbd_desc.c.obj
                0x00000000080077d8                USBD_FS_ManufacturerStrDescriptor
 .text.USBD_FS_SerialStrDescriptor
                0x0000000008007800       0x1e CMakeFiles/AutoJoystick.elf.dir/Src/usbd_desc.c.obj
                0x0000000008007800                USBD_FS_SerialStrDescriptor
 *fill*         0x000000000800781e        0x2 
 .text.USBD_FS_ConfigStrDescriptor
                0x0000000008007820       0x3c CMakeFiles/AutoJoystick.elf.dir/Src/usbd_desc.c.obj
                0x0000000008007820                USBD_FS_ConfigStrDescriptor
 .text.USBD_FS_InterfaceStrDescriptor
                0x000000000800785c       0x3c CMakeFiles/AutoJoystick.elf.dir/Src/usbd_desc.c.obj
                0x000000000800785c                USBD_FS_InterfaceStrDescriptor
 .text.Reset_Handler
                0x0000000008007898       0x48 CMakeFiles/AutoJoystick.elf.dir/startup/startup_stm32f103xe.s.obj
                0x0000000008007898                Reset_Handler
 .text.Default_Handler
                0x00000000080078e0        0x2 CMakeFiles/AutoJoystick.elf.dir/startup/startup_stm32f103xe.s.obj
                0x00000000080078e0                DMA2_Channel3_IRQHandler
                0x00000000080078e0                EXTI2_IRQHandler
                0x00000000080078e0                TIM8_TRG_COM_IRQHandler
                0x00000000080078e0                TIM8_CC_IRQHandler
                0x00000000080078e0                TIM1_CC_IRQHandler
                0x00000000080078e0                TIM6_IRQHandler
                0x00000000080078e0                PVD_IRQHandler
                0x00000000080078e0                SDIO_IRQHandler
                0x00000000080078e0                EXTI3_IRQHandler
                0x00000000080078e0                EXTI0_IRQHandler
                0x00000000080078e0                I2C2_EV_IRQHandler
                0x00000000080078e0                ADC1_2_IRQHandler
                0x00000000080078e0                SPI1_IRQHandler
                0x00000000080078e0                TAMPER_IRQHandler
                0x00000000080078e0                TIM8_UP_IRQHandler
                0x00000000080078e0                DMA2_Channel2_IRQHandler
                0x00000000080078e0                DMA1_Channel4_IRQHandler
                0x00000000080078e0                USART3_IRQHandler
                0x00000000080078e0                RTC_IRQHandler
                0x00000000080078e0                DMA1_Channel7_IRQHandler
                0x00000000080078e0                CAN1_RX1_IRQHandler
                0x00000000080078e0                UART5_IRQHandler
                0x00000000080078e0                ADC3_IRQHandler
                0x00000000080078e0                TIM4_IRQHandler
                0x00000000080078e0                DMA2_Channel1_IRQHandler
                0x00000000080078e0                I2C1_EV_IRQHandler
                0x00000000080078e0                DMA1_Channel6_IRQHandler
                0x00000000080078e0                UART4_IRQHandler
                0x00000000080078e0                TIM3_IRQHandler
                0x00000000080078e0                RCC_IRQHandler
                0x00000000080078e0                TIM1_TRG_COM_IRQHandler
                0x00000000080078e0                DMA1_Channel1_IRQHandler
                0x00000000080078e0                Default_Handler
                0x00000000080078e0                EXTI15_10_IRQHandler
                0x00000000080078e0                TIM7_IRQHandler
                0x00000000080078e0                TIM5_IRQHandler
                0x00000000080078e0                EXTI9_5_IRQHandler
                0x00000000080078e0                SPI2_IRQHandler
                0x00000000080078e0                DMA1_Channel5_IRQHandler
                0x00000000080078e0                EXTI4_IRQHandler
                0x00000000080078e0                USB_HP_CAN1_TX_IRQHandler
                0x00000000080078e0                DMA1_Channel3_IRQHandler
                0x00000000080078e0                FSMC_IRQHandler
                0x00000000080078e0                WWDG_IRQHandler
                0x00000000080078e0                TIM2_IRQHandler
                0x00000000080078e0                TIM1_BRK_IRQHandler
                0x00000000080078e0                EXTI1_IRQHandler
                0x00000000080078e0                DMA2_Channel4_5_IRQHandler
                0x00000000080078e0                USART2_IRQHandler
                0x00000000080078e0                I2C2_ER_IRQHandler
                0x00000000080078e0                DMA1_Channel2_IRQHandler
                0x00000000080078e0                TIM8_BRK_IRQHandler
                0x00000000080078e0                CAN1_SCE_IRQHandler
                0x00000000080078e0                FLASH_IRQHandler
                0x00000000080078e0                USART1_IRQHandler
                0x00000000080078e0                SPI3_IRQHandler
                0x00000000080078e0                I2C1_ER_IRQHandler
                0x00000000080078e0                USBWakeUp_IRQHandler
                0x00000000080078e0                RTC_Alarm_IRQHandler
 *fill*         0x00000000080078e2        0x2 
 .text.__libc_init_array
                0x00000000080078e4       0x48 /usr/local/Cellar/arm-none-eabi-gcc/9-2019-q4-major/gcc/bin/../lib/gcc/arm-none-eabi/9.2.1/../../../../arm-none-eabi/lib/thumb/v7-m/nofp/libg_nano.a(lib_a-init.o)
                0x00000000080078e4                __libc_init_array
 .text.memcpy   0x000000000800792c       0x1c /usr/local/Cellar/arm-none-eabi-gcc/9-2019-q4-major/gcc/bin/../lib/gcc/arm-none-eabi/9.2.1/../../../../arm-none-eabi/lib/thumb/v7-m/nofp/libg_nano.a(lib_a-memcpy-stub.o)
                0x000000000800792c                memcpy
 .text.memset   0x0000000008007948       0x10 /usr/local/Cellar/arm-none-eabi-gcc/9-2019-q4-major/gcc/bin/../lib/gcc/arm-none-eabi/9.2.1/../../../../arm-none-eabi/lib/thumb/v7-m/nofp/libg_nano.a(lib_a-memset.o)
                0x0000000008007948                memset
 *(.glue_7)
 .glue_7        0x0000000008007958        0x0 linker stubs
 *(.glue_7t)
 .glue_7t       0x0000000008007958        0x0 linker stubs
 *(.eh_frame)
 .eh_frame      0x0000000008007958        0x0 /usr/local/Cellar/arm-none-eabi-gcc/9-2019-q4-major/gcc/bin/../lib/gcc/arm-none-eabi/9.2.1/thumb/v7-m/nofp/crtbegin.o
 *(.init)
 .init          0x0000000008007958        0x4 /usr/local/Cellar/arm-none-eabi-gcc/9-2019-q4-major/gcc/bin/../lib/gcc/arm-none-eabi/9.2.1/thumb/v7-m/nofp/crti.o
                0x0000000008007958                _init
 .init          0x000000000800795c        0x8 /usr/local/Cellar/arm-none-eabi-gcc/9-2019-q4-major/gcc/bin/../lib/gcc/arm-none-eabi/9.2.1/thumb/v7-m/nofp/crtn.o
 *(.fini)
 .fini          0x0000000008007964        0x4 /usr/local/Cellar/arm-none-eabi-gcc/9-2019-q4-major/gcc/bin/../lib/gcc/arm-none-eabi/9.2.1/thumb/v7-m/nofp/crti.o
                0x0000000008007964                _fini
 .fini          0x0000000008007968        0x8 /usr/local/Cellar/arm-none-eabi-gcc/9-2019-q4-major/gcc/bin/../lib/gcc/arm-none-eabi/9.2.1/thumb/v7-m/nofp/crtn.o
                0x0000000008007970                . = ALIGN (0x4)
                0x0000000008007970                _etext = .

.vfp11_veneer   0x0000000008007970        0x0
 .vfp11_veneer  0x0000000008007970        0x0 linker stubs

.v4_bx          0x0000000008007970        0x0
 .v4_bx         0x0000000008007970        0x0 linker stubs

.iplt           0x0000000008007970        0x0
 .iplt          0x0000000008007970        0x0 /usr/local/Cellar/arm-none-eabi-gcc/9-2019-q4-major/gcc/bin/../lib/gcc/arm-none-eabi/9.2.1/thumb/v7-m/nofp/crtbegin.o

.rodata         0x0000000008007970      0x1c4
                0x0000000008007970                . = ALIGN (0x4)
 *(.rodata)
 .rodata        0x0000000008007970       0x10 CMakeFiles/AutoJoystick.elf.dir/Drivers/STM32F1xx_HAL_Driver/Src/stm32f1xx_hal_rcc.c.obj
 .rodata        0x0000000008007980        0x5 CMakeFiles/AutoJoystick.elf.dir/Middlewares/Third_Party/FreeRTOS/Source/tasks.c.obj
 *fill*         0x0000000008007985        0x3 
 .rodata        0x0000000008007988       0x51 CMakeFiles/AutoJoystick.elf.dir/Src/My/pc.c.obj
 *fill*         0x00000000080079d9        0x3 
 .rodata        0x00000000080079dc       0x32 CMakeFiles/AutoJoystick.elf.dir/Src/My/program.c.obj
 *fill*         0x0000000008007a0e        0x2 
 .rodata        0x0000000008007a10       0xc0 CMakeFiles/AutoJoystick.elf.dir/Src/main.c.obj
 .rodata        0x0000000008007ad0       0x3e CMakeFiles/AutoJoystick.elf.dir/Src/usbd_desc.c.obj
 *(.rodata*)
 *fill*         0x0000000008007b0e        0x2 
 .rodata.Sync   0x0000000008007b10        0xc CMakeFiles/AutoJoystick.elf.dir/Src/My/program.c.obj
 .rodata.AHBPrescTable
                0x0000000008007b1c       0x10 CMakeFiles/AutoJoystick.elf.dir/Src/system_stm32f1xx.c.obj
                0x0000000008007b1c                AHBPrescTable
 .rodata.APBPrescTable
                0x0000000008007b2c        0x8 CMakeFiles/AutoJoystick.elf.dir/Src/system_stm32f1xx.c.obj
                0x0000000008007b2c                APBPrescTable
                0x0000000008007b34                . = ALIGN (0x4)

.rel.dyn        0x0000000008007b34        0x0
 .rel.iplt      0x0000000008007b34        0x0 /usr/local/Cellar/arm-none-eabi-gcc/9-2019-q4-major/gcc/bin/../lib/gcc/arm-none-eabi/9.2.1/thumb/v7-m/nofp/crtbegin.o

.ARM.extab
 *(.ARM.extab* .gnu.linkonce.armextab.*)

.ARM            0x0000000008007b34        0x0
                0x0000000008007b34                __exidx_start = .
 *(.ARM.exidx*)
                0x0000000008007b34                __exidx_end = .

.preinit_array  0x0000000008007b34        0x0
                0x0000000008007b34                PROVIDE (__preinit_array_start = .)
 *(.preinit_array*)
                0x0000000008007b34                PROVIDE (__preinit_array_end = .)

.init_array     0x0000000008007b34        0x4
                0x0000000008007b34                PROVIDE (__init_array_start = .)
 *(SORT_BY_NAME(.init_array.*))
 *(.init_array*)
 .init_array    0x0000000008007b34        0x4 /usr/local/Cellar/arm-none-eabi-gcc/9-2019-q4-major/gcc/bin/../lib/gcc/arm-none-eabi/9.2.1/thumb/v7-m/nofp/crtbegin.o
                0x0000000008007b38                PROVIDE (__init_array_end = .)

.fini_array     0x0000000008007b38        0x4
                [!provide]                        PROVIDE (__fini_array_start = .)
 *(SORT_BY_NAME(.fini_array.*))
 *(.fini_array*)
 .fini_array    0x0000000008007b38        0x4 /usr/local/Cellar/arm-none-eabi-gcc/9-2019-q4-major/gcc/bin/../lib/gcc/arm-none-eabi/9.2.1/thumb/v7-m/nofp/crtbegin.o
                [!provide]                        PROVIDE (__fini_array_end = .)
                0x0000000008007b3c                _sidata = LOADADDR (.data)

.data           0x0000000020000000      0x188 load address 0x0000000008007b3c
                0x0000000020000000                . = ALIGN (0x4)
                0x0000000020000000                _sdata = .
 *(.data)
 *(.data*)
 .data.uwTickPrio
                0x0000000020000000        0x4 CMakeFiles/AutoJoystick.elf.dir/Drivers/STM32F1xx_HAL_Driver/Src/stm32f1xx_hal.c.obj
                0x0000000020000000                uwTickPrio
 .data.uwTickFreq
                0x0000000020000004        0x1 CMakeFiles/AutoJoystick.elf.dir/Drivers/STM32F1xx_HAL_Driver/Src/stm32f1xx_hal.c.obj
                0x0000000020000004                uwTickFreq
 *fill*         0x0000000020000005        0x3 
 .data.USBD_HID
                0x0000000020000008       0x38 CMakeFiles/AutoJoystick.elf.dir/Middlewares/ST/STM32_USB_Device_Library/Class/HID/Src/usbd_hid.c.obj
                0x0000000020000008                USBD_HID
 .data.USBD_HID_CfgFSDesc
                0x0000000020000040       0x29 CMakeFiles/AutoJoystick.elf.dir/Middlewares/ST/STM32_USB_Device_Library/Class/HID/Src/usbd_hid.c.obj
 *fill*         0x0000000020000069        0x3 
 .data.USBD_HID_CfgHSDesc
                0x000000002000006c       0x29 CMakeFiles/AutoJoystick.elf.dir/Middlewares/ST/STM32_USB_Device_Library/Class/HID/Src/usbd_hid.c.obj
 *fill*         0x0000000020000095        0x3 
 .data.USBD_HID_OtherSpeedCfgDesc
                0x0000000020000098       0x29 CMakeFiles/AutoJoystick.elf.dir/Middlewares/ST/STM32_USB_Device_Library/Class/HID/Src/usbd_hid.c.obj
 *fill*         0x00000000200000c1        0x3 
 .data.USBD_HID_Desc
                0x00000000200000c4        0x9 CMakeFiles/AutoJoystick.elf.dir/Middlewares/ST/STM32_USB_Device_Library/Class/HID/Src/usbd_hid.c.obj
 *fill*         0x00000000200000cd        0x3 
 .data.USBD_HID_DeviceQualifierDesc
                0x00000000200000d0        0xa CMakeFiles/AutoJoystick.elf.dir/Middlewares/ST/STM32_USB_Device_Library/Class/HID/Src/usbd_hid.c.obj
 *fill*         0x00000000200000da        0x2 
 .data.HID_MOUSE_ReportDesc
                0x00000000200000dc       0x56 CMakeFiles/AutoJoystick.elf.dir/Middlewares/ST/STM32_USB_Device_Library/Class/HID/Src/usbd_hid.c.obj
 *fill*         0x0000000020000132        0x2 
 .data.uxCriticalNesting
                0x0000000020000134        0x4 CMakeFiles/AutoJoystick.elf.dir/Middlewares/Third_Party/FreeRTOS/Source/portable/GCC/ARM_CM3/port.c.obj
 .data.dig_font
                0x0000000020000138        0xa CMakeFiles/AutoJoystick.elf.dir/Src/My/pc.c.obj
                0x0000000020000138                dig_font
 *fill*         0x0000000020000142        0x2 
 .data.hold_LX  0x0000000020000144        0x4 CMakeFiles/AutoJoystick.elf.dir/Src/My/usb.c.obj
                0x0000000020000144                hold_LX
 .data.hold_LY  0x0000000020000148        0x4 CMakeFiles/AutoJoystick.elf.dir/Src/My/usb.c.obj
                0x0000000020000148                hold_LY
 .data.hold_RX  0x000000002000014c        0x4 CMakeFiles/AutoJoystick.elf.dir/Src/My/usb.c.obj
                0x000000002000014c                hold_RX
 .data.SystemCoreClock
                0x0000000020000150        0x4 CMakeFiles/AutoJoystick.elf.dir/Src/system_stm32f1xx.c.obj
                0x0000000020000150                SystemCoreClock
 .data.FS_Desc  0x0000000020000154       0x1c CMakeFiles/AutoJoystick.elf.dir/Src/usbd_desc.c.obj
                0x0000000020000154                FS_Desc
 .data.USBD_FS_DeviceDesc
                0x0000000020000170       0x12 CMakeFiles/AutoJoystick.elf.dir/Src/usbd_desc.c.obj
                0x0000000020000170                USBD_FS_DeviceDesc
 *fill*         0x0000000020000182        0x2 
 .data.USBD_LangIDDesc
                0x0000000020000184        0x4 CMakeFiles/AutoJoystick.elf.dir/Src/usbd_desc.c.obj
                0x0000000020000184                USBD_LangIDDesc
                0x0000000020000188                . = ALIGN (0x4)
                0x0000000020000188                _edata = .

.igot.plt       0x0000000020000188        0x0 load address 0x0000000008007cc4
 .igot.plt      0x0000000020000188        0x0 /usr/local/Cellar/arm-none-eabi-gcc/9-2019-q4-major/gcc/bin/../lib/gcc/arm-none-eabi/9.2.1/thumb/v7-m/nofp/crtbegin.o
                0x0000000020000188                . = ALIGN (0x4)

.bss            0x0000000020000188     0x1560 load address 0x0000000008007cc4
                0x0000000020000188                _sbss = .
                0x0000000020000188                __bss_start__ = _sbss
 *(.bss)
 .bss           0x0000000020000188       0x1c /usr/local/Cellar/arm-none-eabi-gcc/9-2019-q4-major/gcc/bin/../lib/gcc/arm-none-eabi/9.2.1/thumb/v7-m/nofp/crtbegin.o
 *(.bss*)
 .bss.uwTick    0x00000000200001a4        0x4 CMakeFiles/AutoJoystick.elf.dir/Drivers/STM32F1xx_HAL_Driver/Src/stm32f1xx_hal.c.obj
                0x00000000200001a4                uwTick
 .bss.cfgidx.8445
                0x00000000200001a8        0x1 CMakeFiles/AutoJoystick.elf.dir/Middlewares/ST/STM32_USB_Device_Library/Core/Src/usbd_ctlreq.c.obj
 .bss.ucMaxSysCallPriority
                0x00000000200001a9        0x1 CMakeFiles/AutoJoystick.elf.dir/Middlewares/Third_Party/FreeRTOS/Source/portable/GCC/ARM_CM3/port.c.obj
 *fill*         0x00000000200001aa        0x2 
 .bss.ulMaxPRIGROUPValue
                0x00000000200001ac        0x4 CMakeFiles/AutoJoystick.elf.dir/Middlewares/Third_Party/FreeRTOS/Source/portable/GCC/ARM_CM3/port.c.obj
 .bss.ucHeap    0x00000000200001b0      0xc00 CMakeFiles/AutoJoystick.elf.dir/Middlewares/Third_Party/FreeRTOS/Source/portable/MemMang/heap_4.c.obj
 .bss.xStart    0x0000000020000db0        0x8 CMakeFiles/AutoJoystick.elf.dir/Middlewares/Third_Party/FreeRTOS/Source/portable/MemMang/heap_4.c.obj
 .bss.pxEnd     0x0000000020000db8        0x4 CMakeFiles/AutoJoystick.elf.dir/Middlewares/Third_Party/FreeRTOS/Source/portable/MemMang/heap_4.c.obj
 .bss.xFreeBytesRemaining
                0x0000000020000dbc        0x4 CMakeFiles/AutoJoystick.elf.dir/Middlewares/Third_Party/FreeRTOS/Source/portable/MemMang/heap_4.c.obj
 .bss.xMinimumEverFreeBytesRemaining
                0x0000000020000dc0        0x4 CMakeFiles/AutoJoystick.elf.dir/Middlewares/Third_Party/FreeRTOS/Source/portable/MemMang/heap_4.c.obj
 .bss.xBlockAllocatedBit
                0x0000000020000dc4        0x4 CMakeFiles/AutoJoystick.elf.dir/Middlewares/Third_Party/FreeRTOS/Source/portable/MemMang/heap_4.c.obj
 .bss.pxCurrentTCB
                0x0000000020000dc8        0x4 CMakeFiles/AutoJoystick.elf.dir/Middlewares/Third_Party/FreeRTOS/Source/tasks.c.obj
                0x0000000020000dc8                pxCurrentTCB
 .bss.pxReadyTasksLists
                0x0000000020000dcc       0x8c CMakeFiles/AutoJoystick.elf.dir/Middlewares/Third_Party/FreeRTOS/Source/tasks.c.obj
 .bss.xDelayedTaskList1
                0x0000000020000e58       0x14 CMakeFiles/AutoJoystick.elf.dir/Middlewares/Third_Party/FreeRTOS/Source/tasks.c.obj
 .bss.xDelayedTaskList2
                0x0000000020000e6c       0x14 CMakeFiles/AutoJoystick.elf.dir/Middlewares/Third_Party/FreeRTOS/Source/tasks.c.obj
 .bss.pxDelayedTaskList
                0x0000000020000e80        0x4 CMakeFiles/AutoJoystick.elf.dir/Middlewares/Third_Party/FreeRTOS/Source/tasks.c.obj
 .bss.pxOverflowDelayedTaskList
                0x0000000020000e84        0x4 CMakeFiles/AutoJoystick.elf.dir/Middlewares/Third_Party/FreeRTOS/Source/tasks.c.obj
 .bss.xPendingReadyList
                0x0000000020000e88       0x14 CMakeFiles/AutoJoystick.elf.dir/Middlewares/Third_Party/FreeRTOS/Source/tasks.c.obj
 .bss.xTasksWaitingTermination
                0x0000000020000e9c       0x14 CMakeFiles/AutoJoystick.elf.dir/Middlewares/Third_Party/FreeRTOS/Source/tasks.c.obj
 .bss.uxDeletedTasksWaitingCleanUp
                0x0000000020000eb0        0x4 CMakeFiles/AutoJoystick.elf.dir/Middlewares/Third_Party/FreeRTOS/Source/tasks.c.obj
 .bss.xSuspendedTaskList
                0x0000000020000eb4       0x14 CMakeFiles/AutoJoystick.elf.dir/Middlewares/Third_Party/FreeRTOS/Source/tasks.c.obj
 .bss.uxCurrentNumberOfTasks
                0x0000000020000ec8        0x4 CMakeFiles/AutoJoystick.elf.dir/Middlewares/Third_Party/FreeRTOS/Source/tasks.c.obj
 .bss.xTickCount
                0x0000000020000ecc        0x4 CMakeFiles/AutoJoystick.elf.dir/Middlewares/Third_Party/FreeRTOS/Source/tasks.c.obj
 .bss.uxTopReadyPriority
                0x0000000020000ed0        0x4 CMakeFiles/AutoJoystick.elf.dir/Middlewares/Third_Party/FreeRTOS/Source/tasks.c.obj
 .bss.xSchedulerRunning
                0x0000000020000ed4        0x4 CMakeFiles/AutoJoystick.elf.dir/Middlewares/Third_Party/FreeRTOS/Source/tasks.c.obj
 .bss.uxPendedTicks
                0x0000000020000ed8        0x4 CMakeFiles/AutoJoystick.elf.dir/Middlewares/Third_Party/FreeRTOS/Source/tasks.c.obj
 .bss.xYieldPending
                0x0000000020000edc        0x4 CMakeFiles/AutoJoystick.elf.dir/Middlewares/Third_Party/FreeRTOS/Source/tasks.c.obj
 .bss.xNumOfOverflows
                0x0000000020000ee0        0x4 CMakeFiles/AutoJoystick.elf.dir/Middlewares/Third_Party/FreeRTOS/Source/tasks.c.obj
 .bss.uxTaskNumber
                0x0000000020000ee4        0x4 CMakeFiles/AutoJoystick.elf.dir/Middlewares/Third_Party/FreeRTOS/Source/tasks.c.obj
 .bss.xNextTaskUnblockTime
                0x0000000020000ee8        0x4 CMakeFiles/AutoJoystick.elf.dir/Middlewares/Third_Party/FreeRTOS/Source/tasks.c.obj
 .bss.xIdleTaskHandle
                0x0000000020000eec        0x4 CMakeFiles/AutoJoystick.elf.dir/Middlewares/Third_Party/FreeRTOS/Source/tasks.c.obj
 .bss.uxSchedulerSuspended
                0x0000000020000ef0        0x4 CMakeFiles/AutoJoystick.elf.dir/Middlewares/Third_Party/FreeRTOS/Source/tasks.c.obj
 .bss.Task1Handle
                0x0000000020000ef4        0x4 CMakeFiles/AutoJoystick.elf.dir/Src/My/pc.c.obj
                0x0000000020000ef4                Task1Handle
 .bss.Task2Handle
                0x0000000020000ef8        0x4 CMakeFiles/AutoJoystick.elf.dir/Src/My/pc.c.obj
                0x0000000020000ef8                Task2Handle
 .bss.PCHandle  0x0000000020000efc        0x4 CMakeFiles/AutoJoystick.elf.dir/Src/My/pc.c.obj
                0x0000000020000efc                PCHandle
 .bss.pc        0x0000000020000f00        0x4 CMakeFiles/AutoJoystick.elf.dir/Src/My/pc.c.obj
                0x0000000020000f00                pc
 .bss.USBHandle
                0x0000000020000f04        0x4 CMakeFiles/AutoJoystick.elf.dir/Src/My/program.c.obj
                0x0000000020000f04                USBHandle
 .bss.USBTickHandle
                0x0000000020000f08        0x4 CMakeFiles/AutoJoystick.elf.dir/Src/My/program.c.obj
                0x0000000020000f08                USBTickHandle
 .bss.Stopping  0x0000000020000f0c        0x1 CMakeFiles/AutoJoystick.elf.dir/Src/My/usb.c.obj
                0x0000000020000f0c                Stopping
 *fill*         0x0000000020000f0d        0x3 
 .bss.last_report
                0x0000000020000f10        0x8 CMakeFiles/AutoJoystick.elf.dir/Src/My/usb.c.obj
                0x0000000020000f10                last_report
 .bss.hcrc      0x0000000020000f18        0x8 CMakeFiles/AutoJoystick.elf.dir/Src/main.c.obj
                0x0000000020000f18                hcrc
 .bss.huart1    0x0000000020000f20       0x40 CMakeFiles/AutoJoystick.elf.dir/Src/main.c.obj
                0x0000000020000f20                huart1
 .bss.defaultTaskHandle
                0x0000000020000f60        0x4 CMakeFiles/AutoJoystick.elf.dir/Src/main.c.obj
                0x0000000020000f60                defaultTaskHandle
 .bss.htim1     0x0000000020000f64       0x40 CMakeFiles/AutoJoystick.elf.dir/Src/stm32f1xx_hal_timebase_tim.c.obj
                0x0000000020000f64                htim1
 .bss.hUsbDeviceFS
                0x0000000020000fa4      0x2c4 CMakeFiles/AutoJoystick.elf.dir/Src/usb_device.c.obj
                0x0000000020000fa4                hUsbDeviceFS
 .bss.hpcd_USB_FS
                0x0000000020001268      0x26c CMakeFiles/AutoJoystick.elf.dir/Src/usbd_conf.c.obj
                0x0000000020001268                hpcd_USB_FS
 .bss.mem.8482  0x00000000200014d4       0x14 CMakeFiles/AutoJoystick.elf.dir/Src/usbd_conf.c.obj
 .bss.USBD_StrDesc
                0x00000000200014e8      0x200 CMakeFiles/AutoJoystick.elf.dir/Src/usbd_desc.c.obj
                0x00000000200014e8                USBD_StrDesc
 *(COMMON)
                0x00000000200016e8                . = ALIGN (0x4)
                0x00000000200016e8                _ebss = .
                0x00000000200016e8                __bss_end__ = _ebss

._user_heap_stack
                0x00000000200016e8      0x600 load address 0x0000000008007cc4
                0x00000000200016e8                . = ALIGN (0x8)
                0x00000000200016e8                PROVIDE (end = .)
                [!provide]                        PROVIDE (_end = .)
                0x00000000200018e8                . = (. + _Min_Heap_Size)
 *fill*         0x00000000200016e8      0x200 
                0x0000000020001ce8                . = (. + _Min_Stack_Size)
 *fill*         0x00000000200018e8      0x400 
                0x0000000020001ce8                . = ALIGN (0x8)

/DISCARD/
 libc.a(*)
 libm.a(*)
 libgcc.a(*)

.ARM.attributes
                0x0000000000000000       0x29
 *(.ARM.attributes)
 .ARM.attributes
                0x0000000000000000       0x1d /usr/local/Cellar/arm-none-eabi-gcc/9-2019-q4-major/gcc/bin/../lib/gcc/arm-none-eabi/9.2.1/thumb/v7-m/nofp/crti.o
 .ARM.attributes
                0x000000000000001d       0x2d /usr/local/Cellar/arm-none-eabi-gcc/9-2019-q4-major/gcc/bin/../lib/gcc/arm-none-eabi/9.2.1/thumb/v7-m/nofp/crtbegin.o
 .ARM.attributes
                0x000000000000004a       0x2d CMakeFiles/AutoJoystick.elf.dir/Drivers/STM32F1xx_HAL_Driver/Src/stm32f1xx_hal.c.obj
 .ARM.attributes
                0x0000000000000077       0x2d CMakeFiles/AutoJoystick.elf.dir/Drivers/STM32F1xx_HAL_Driver/Src/stm32f1xx_hal_cortex.c.obj
 .ARM.attributes
                0x00000000000000a4       0x2d CMakeFiles/AutoJoystick.elf.dir/Drivers/STM32F1xx_HAL_Driver/Src/stm32f1xx_hal_crc.c.obj
 .ARM.attributes
                0x00000000000000d1       0x2d CMakeFiles/AutoJoystick.elf.dir/Drivers/STM32F1xx_HAL_Driver/Src/stm32f1xx_hal_gpio.c.obj
 .ARM.attributes
                0x00000000000000fe       0x2d CMakeFiles/AutoJoystick.elf.dir/Drivers/STM32F1xx_HAL_Driver/Src/stm32f1xx_hal_pcd.c.obj
 .ARM.attributes
                0x000000000000012b       0x2d CMakeFiles/AutoJoystick.elf.dir/Drivers/STM32F1xx_HAL_Driver/Src/stm32f1xx_hal_pcd_ex.c.obj
 .ARM.attributes
                0x0000000000000158       0x2d CMakeFiles/AutoJoystick.elf.dir/Drivers/STM32F1xx_HAL_Driver/Src/stm32f1xx_hal_rcc.c.obj
 .ARM.attributes
                0x0000000000000185       0x2d CMakeFiles/AutoJoystick.elf.dir/Drivers/STM32F1xx_HAL_Driver/Src/stm32f1xx_hal_rcc_ex.c.obj
 .ARM.attributes
                0x00000000000001b2       0x2d CMakeFiles/AutoJoystick.elf.dir/Drivers/STM32F1xx_HAL_Driver/Src/stm32f1xx_hal_tim.c.obj
 .ARM.attributes
                0x00000000000001df       0x2d CMakeFiles/AutoJoystick.elf.dir/Drivers/STM32F1xx_HAL_Driver/Src/stm32f1xx_hal_tim_ex.c.obj
 .ARM.attributes
                0x000000000000020c       0x2d CMakeFiles/AutoJoystick.elf.dir/Drivers/STM32F1xx_HAL_Driver/Src/stm32f1xx_hal_uart.c.obj
 .ARM.attributes
                0x0000000000000239       0x2d CMakeFiles/AutoJoystick.elf.dir/Drivers/STM32F1xx_HAL_Driver/Src/stm32f1xx_ll_usb.c.obj
 .ARM.attributes
                0x0000000000000266       0x2d CMakeFiles/AutoJoystick.elf.dir/Middlewares/ST/STM32_USB_Device_Library/Class/HID/Src/usbd_hid.c.obj
 .ARM.attributes
                0x0000000000000293       0x2d CMakeFiles/AutoJoystick.elf.dir/Middlewares/ST/STM32_USB_Device_Library/Core/Src/usbd_core.c.obj
 .ARM.attributes
                0x00000000000002c0       0x2d CMakeFiles/AutoJoystick.elf.dir/Middlewares/ST/STM32_USB_Device_Library/Core/Src/usbd_ctlreq.c.obj
 .ARM.attributes
                0x00000000000002ed       0x2d CMakeFiles/AutoJoystick.elf.dir/Middlewares/ST/STM32_USB_Device_Library/Core/Src/usbd_ioreq.c.obj
 .ARM.attributes
                0x000000000000031a       0x2d CMakeFiles/AutoJoystick.elf.dir/Middlewares/Third_Party/FreeRTOS/Source/CMSIS_RTOS/cmsis_os.c.obj
 .ARM.attributes
                0x0000000000000347       0x2d CMakeFiles/AutoJoystick.elf.dir/Middlewares/Third_Party/FreeRTOS/Source/list.c.obj
 .ARM.attributes
                0x0000000000000374       0x2d CMakeFiles/AutoJoystick.elf.dir/Middlewares/Third_Party/FreeRTOS/Source/portable/GCC/ARM_CM3/port.c.obj
 .ARM.attributes
                0x00000000000003a1       0x2d CMakeFiles/AutoJoystick.elf.dir/Middlewares/Third_Party/FreeRTOS/Source/portable/MemMang/heap_4.c.obj
 .ARM.attributes
                0x00000000000003ce       0x2d CMakeFiles/AutoJoystick.elf.dir/Middlewares/Third_Party/FreeRTOS/Source/tasks.c.obj
 .ARM.attributes
                0x00000000000003fb       0x2d CMakeFiles/AutoJoystick.elf.dir/Src/My/pc.c.obj
 .ARM.attributes
                0x0000000000000428       0x2d CMakeFiles/AutoJoystick.elf.dir/Src/My/program.c.obj
 .ARM.attributes
                0x0000000000000455       0x2d CMakeFiles/AutoJoystick.elf.dir/Src/My/usb.c.obj
 .ARM.attributes
                0x0000000000000482       0x2d CMakeFiles/AutoJoystick.elf.dir/Src/main.c.obj
 .ARM.attributes
                0x00000000000004af       0x2d CMakeFiles/AutoJoystick.elf.dir/Src/stm32f1xx_hal_msp.c.obj
 .ARM.attributes
                0x00000000000004dc       0x2d CMakeFiles/AutoJoystick.elf.dir/Src/stm32f1xx_hal_timebase_tim.c.obj
 .ARM.attributes
                0x0000000000000509       0x2d CMakeFiles/AutoJoystick.elf.dir/Src/stm32f1xx_it.c.obj
 .ARM.attributes
                0x0000000000000536       0x2d CMakeFiles/AutoJoystick.elf.dir/Src/system_stm32f1xx.c.obj
 .ARM.attributes
                0x0000000000000563       0x2d CMakeFiles/AutoJoystick.elf.dir/Src/usb_device.c.obj
 .ARM.attributes
                0x0000000000000590       0x2d CMakeFiles/AutoJoystick.elf.dir/Src/usbd_conf.c.obj
 .ARM.attributes
                0x00000000000005bd       0x2d CMakeFiles/AutoJoystick.elf.dir/Src/usbd_desc.c.obj
 .ARM.attributes
                0x00000000000005ea       0x21 CMakeFiles/AutoJoystick.elf.dir/startup/startup_stm32f103xe.s.obj
 .ARM.attributes
                0x000000000000060b       0x2d /usr/local/Cellar/arm-none-eabi-gcc/9-2019-q4-major/gcc/bin/../lib/gcc/arm-none-eabi/9.2.1/../../../../arm-none-eabi/lib/thumb/v7-m/nofp/libg_nano.a(lib_a-init.o)
 .ARM.attributes
                0x0000000000000638       0x2d /usr/local/Cellar/arm-none-eabi-gcc/9-2019-q4-major/gcc/bin/../lib/gcc/arm-none-eabi/9.2.1/../../../../arm-none-eabi/lib/thumb/v7-m/nofp/libg_nano.a(lib_a-memcpy-stub.o)
 .ARM.attributes
                0x0000000000000665       0x2d /usr/local/Cellar/arm-none-eabi-gcc/9-2019-q4-major/gcc/bin/../lib/gcc/arm-none-eabi/9.2.1/../../../../arm-none-eabi/lib/thumb/v7-m/nofp/libg_nano.a(lib_a-memset.o)
 .ARM.attributes
                0x0000000000000692       0x1d /usr/local/Cellar/arm-none-eabi-gcc/9-2019-q4-major/gcc/bin/../lib/gcc/arm-none-eabi/9.2.1/thumb/v7-m/nofp/crtn.o
OUTPUT(AutoJoystick.elf elf32-littlearm)

.debug_info     0x0000000000000000    0x1dd20
 .debug_info    0x0000000000000000      0x7ad CMakeFiles/AutoJoystick.elf.dir/Drivers/STM32F1xx_HAL_Driver/Src/stm32f1xx_hal.c.obj
 .debug_info    0x00000000000007ad      0xc2b CMakeFiles/AutoJoystick.elf.dir/Drivers/STM32F1xx_HAL_Driver/Src/stm32f1xx_hal_cortex.c.obj
 .debug_info    0x00000000000013d8      0x463 CMakeFiles/AutoJoystick.elf.dir/Drivers/STM32F1xx_HAL_Driver/Src/stm32f1xx_hal_crc.c.obj
 .debug_info    0x000000000000183b      0x6da CMakeFiles/AutoJoystick.elf.dir/Drivers/STM32F1xx_HAL_Driver/Src/stm32f1xx_hal_gpio.c.obj
 .debug_info    0x0000000000001f15      0xefa CMakeFiles/AutoJoystick.elf.dir/Drivers/STM32F1xx_HAL_Driver/Src/stm32f1xx_hal_pcd.c.obj
 .debug_info    0x0000000000002e0f      0x7c7 CMakeFiles/AutoJoystick.elf.dir/Drivers/STM32F1xx_HAL_Driver/Src/stm32f1xx_hal_pcd_ex.c.obj
 .debug_info    0x00000000000035d6      0x877 CMakeFiles/AutoJoystick.elf.dir/Drivers/STM32F1xx_HAL_Driver/Src/stm32f1xx_hal_rcc.c.obj
 .debug_info    0x0000000000003e4d      0x485 CMakeFiles/AutoJoystick.elf.dir/Drivers/STM32F1xx_HAL_Driver/Src/stm32f1xx_hal_rcc_ex.c.obj
 .debug_info    0x00000000000042d2     0x2669 CMakeFiles/AutoJoystick.elf.dir/Drivers/STM32F1xx_HAL_Driver/Src/stm32f1xx_hal_tim.c.obj
 .debug_info    0x000000000000693b     0x11fb CMakeFiles/AutoJoystick.elf.dir/Drivers/STM32F1xx_HAL_Driver/Src/stm32f1xx_hal_tim_ex.c.obj
 .debug_info    0x0000000000007b36     0x12db CMakeFiles/AutoJoystick.elf.dir/Drivers/STM32F1xx_HAL_Driver/Src/stm32f1xx_hal_uart.c.obj
 .debug_info    0x0000000000008e11     0x15fe CMakeFiles/AutoJoystick.elf.dir/Drivers/STM32F1xx_HAL_Driver/Src/stm32f1xx_ll_usb.c.obj
 .debug_info    0x000000000000a40f     0x1233 CMakeFiles/AutoJoystick.elf.dir/Middlewares/ST/STM32_USB_Device_Library/Class/HID/Src/usbd_hid.c.obj
 .debug_info    0x000000000000b642     0x12d3 CMakeFiles/AutoJoystick.elf.dir/Middlewares/ST/STM32_USB_Device_Library/Core/Src/usbd_core.c.obj
 .debug_info    0x000000000000c915     0x1240 CMakeFiles/AutoJoystick.elf.dir/Middlewares/ST/STM32_USB_Device_Library/Core/Src/usbd_ctlreq.c.obj
 .debug_info    0x000000000000db55     0x1012 CMakeFiles/AutoJoystick.elf.dir/Middlewares/ST/STM32_USB_Device_Library/Core/Src/usbd_ioreq.c.obj
 .debug_info    0x000000000000eb67     0x1c5d CMakeFiles/AutoJoystick.elf.dir/Middlewares/Third_Party/FreeRTOS/Source/CMSIS_RTOS/cmsis_os.c.obj
 .debug_info    0x00000000000107c4      0xb71 CMakeFiles/AutoJoystick.elf.dir/Middlewares/Third_Party/FreeRTOS/Source/list.c.obj
 .debug_info    0x0000000000011335      0x496 CMakeFiles/AutoJoystick.elf.dir/Middlewares/Third_Party/FreeRTOS/Source/portable/GCC/ARM_CM3/port.c.obj
 .debug_info    0x00000000000117cb      0xc6c CMakeFiles/AutoJoystick.elf.dir/Middlewares/Third_Party/FreeRTOS/Source/portable/MemMang/heap_4.c.obj
 .debug_info    0x0000000000012437     0x21c9 CMakeFiles/AutoJoystick.elf.dir/Middlewares/Third_Party/FreeRTOS/Source/tasks.c.obj
 .debug_info    0x0000000000014600      0x3df CMakeFiles/AutoJoystick.elf.dir/Src/My/pc.c.obj
 .debug_info    0x00000000000149df      0x58e CMakeFiles/AutoJoystick.elf.dir/Src/My/program.c.obj
 .debug_info    0x0000000000014f6d     0x12c1 CMakeFiles/AutoJoystick.elf.dir/Src/My/usb.c.obj
 .debug_info    0x000000000001622e     0x19ca CMakeFiles/AutoJoystick.elf.dir/Src/main.c.obj
 .debug_info    0x0000000000017bf8      0xb9c CMakeFiles/AutoJoystick.elf.dir/Src/stm32f1xx_hal_msp.c.obj
 .debug_info    0x0000000000018794      0x9c1 CMakeFiles/AutoJoystick.elf.dir/Src/stm32f1xx_hal_timebase_tim.c.obj
 .debug_info    0x0000000000019155      0xb71 CMakeFiles/AutoJoystick.elf.dir/Src/stm32f1xx_it.c.obj
 .debug_info    0x0000000000019cc6      0x462 CMakeFiles/AutoJoystick.elf.dir/Src/system_stm32f1xx.c.obj
 .debug_info    0x000000000001a128      0xe93 CMakeFiles/AutoJoystick.elf.dir/Src/usb_device.c.obj
 .debug_info    0x000000000001afbb     0x1fa9 CMakeFiles/AutoJoystick.elf.dir/Src/usbd_conf.c.obj
 .debug_info    0x000000000001cf64      0xd9a CMakeFiles/AutoJoystick.elf.dir/Src/usbd_desc.c.obj
 .debug_info    0x000000000001dcfe       0x22 CMakeFiles/AutoJoystick.elf.dir/startup/startup_stm32f103xe.s.obj

.debug_abbrev   0x0000000000000000     0x4916
 .debug_abbrev  0x0000000000000000      0x1fd CMakeFiles/AutoJoystick.elf.dir/Drivers/STM32F1xx_HAL_Driver/Src/stm32f1xx_hal.c.obj
 .debug_abbrev  0x00000000000001fd      0x310 CMakeFiles/AutoJoystick.elf.dir/Drivers/STM32F1xx_HAL_Driver/Src/stm32f1xx_hal_cortex.c.obj
 .debug_abbrev  0x000000000000050d      0x1da CMakeFiles/AutoJoystick.elf.dir/Drivers/STM32F1xx_HAL_Driver/Src/stm32f1xx_hal_crc.c.obj
 .debug_abbrev  0x00000000000006e7      0x1e5 CMakeFiles/AutoJoystick.elf.dir/Drivers/STM32F1xx_HAL_Driver/Src/stm32f1xx_hal_gpio.c.obj
 .debug_abbrev  0x00000000000008cc      0x296 CMakeFiles/AutoJoystick.elf.dir/Drivers/STM32F1xx_HAL_Driver/Src/stm32f1xx_hal_pcd.c.obj
 .debug_abbrev  0x0000000000000b62      0x1a9 CMakeFiles/AutoJoystick.elf.dir/Drivers/STM32F1xx_HAL_Driver/Src/stm32f1xx_hal_pcd_ex.c.obj
 .debug_abbrev  0x0000000000000d0b      0x270 CMakeFiles/AutoJoystick.elf.dir/Drivers/STM32F1xx_HAL_Driver/Src/stm32f1xx_hal_rcc.c.obj
 .debug_abbrev  0x0000000000000f7b      0x190 CMakeFiles/AutoJoystick.elf.dir/Drivers/STM32F1xx_HAL_Driver/Src/stm32f1xx_hal_rcc_ex.c.obj
 .debug_abbrev  0x000000000000110b      0x25b CMakeFiles/AutoJoystick.elf.dir/Drivers/STM32F1xx_HAL_Driver/Src/stm32f1xx_hal_tim.c.obj
 .debug_abbrev  0x0000000000001366      0x249 CMakeFiles/AutoJoystick.elf.dir/Drivers/STM32F1xx_HAL_Driver/Src/stm32f1xx_hal_tim_ex.c.obj
 .debug_abbrev  0x00000000000015af      0x26d CMakeFiles/AutoJoystick.elf.dir/Drivers/STM32F1xx_HAL_Driver/Src/stm32f1xx_hal_uart.c.obj
 .debug_abbrev  0x000000000000181c      0x1e8 CMakeFiles/AutoJoystick.elf.dir/Drivers/STM32F1xx_HAL_Driver/Src/stm32f1xx_ll_usb.c.obj
 .debug_abbrev  0x0000000000001a04      0x2b4 CMakeFiles/AutoJoystick.elf.dir/Middlewares/ST/STM32_USB_Device_Library/Class/HID/Src/usbd_hid.c.obj
 .debug_abbrev  0x0000000000001cb8      0x2a5 CMakeFiles/AutoJoystick.elf.dir/Middlewares/ST/STM32_USB_Device_Library/Core/Src/usbd_core.c.obj
 .debug_abbrev  0x0000000000001f5d      0x2db CMakeFiles/AutoJoystick.elf.dir/Middlewares/ST/STM32_USB_Device_Library/Core/Src/usbd_ctlreq.c.obj
 .debug_abbrev  0x0000000000002238      0x207 CMakeFiles/AutoJoystick.elf.dir/Middlewares/ST/STM32_USB_Device_Library/Core/Src/usbd_ioreq.c.obj
 .debug_abbrev  0x000000000000243f      0x3bf CMakeFiles/AutoJoystick.elf.dir/Middlewares/Third_Party/FreeRTOS/Source/CMSIS_RTOS/cmsis_os.c.obj
 .debug_abbrev  0x00000000000027fe      0x1f4 CMakeFiles/AutoJoystick.elf.dir/Middlewares/Third_Party/FreeRTOS/Source/list.c.obj
 .debug_abbrev  0x00000000000029f2      0x22c CMakeFiles/AutoJoystick.elf.dir/Middlewares/Third_Party/FreeRTOS/Source/portable/GCC/ARM_CM3/port.c.obj
 .debug_abbrev  0x0000000000002c1e      0x2d0 CMakeFiles/AutoJoystick.elf.dir/Middlewares/Third_Party/FreeRTOS/Source/portable/MemMang/heap_4.c.obj
 .debug_abbrev  0x0000000000002eee      0x37d CMakeFiles/AutoJoystick.elf.dir/Middlewares/Third_Party/FreeRTOS/Source/tasks.c.obj
 .debug_abbrev  0x000000000000326b      0x17a CMakeFiles/AutoJoystick.elf.dir/Src/My/pc.c.obj
 .debug_abbrev  0x00000000000033e5      0x1f1 CMakeFiles/AutoJoystick.elf.dir/Src/My/program.c.obj
 .debug_abbrev  0x00000000000035d6      0x242 CMakeFiles/AutoJoystick.elf.dir/Src/My/usb.c.obj
 .debug_abbrev  0x0000000000003818      0x2cd CMakeFiles/AutoJoystick.elf.dir/Src/main.c.obj
 .debug_abbrev  0x0000000000003ae5      0x1ce CMakeFiles/AutoJoystick.elf.dir/Src/stm32f1xx_hal_msp.c.obj
 .debug_abbrev  0x0000000000003cb3      0x1bc CMakeFiles/AutoJoystick.elf.dir/Src/stm32f1xx_hal_timebase_tim.c.obj
 .debug_abbrev  0x0000000000003e6f      0x1a4 CMakeFiles/AutoJoystick.elf.dir/Src/stm32f1xx_it.c.obj
 .debug_abbrev  0x0000000000004013      0x14b CMakeFiles/AutoJoystick.elf.dir/Src/system_stm32f1xx.c.obj
 .debug_abbrev  0x000000000000415e      0x1d8 CMakeFiles/AutoJoystick.elf.dir/Src/usb_device.c.obj
 .debug_abbrev  0x0000000000004336      0x31a CMakeFiles/AutoJoystick.elf.dir/Src/usbd_conf.c.obj
 .debug_abbrev  0x0000000000004650      0x2b4 CMakeFiles/AutoJoystick.elf.dir/Src/usbd_desc.c.obj
 .debug_abbrev  0x0000000000004904       0x12 CMakeFiles/AutoJoystick.elf.dir/startup/startup_stm32f103xe.s.obj

.debug_aranges  0x0000000000000000     0x1690
 .debug_aranges
                0x0000000000000000       0xe0 CMakeFiles/AutoJoystick.elf.dir/Drivers/STM32F1xx_HAL_Driver/Src/stm32f1xx_hal.c.obj
 .debug_aranges
                0x00000000000000e0      0x100 CMakeFiles/AutoJoystick.elf.dir/Drivers/STM32F1xx_HAL_Driver/Src/stm32f1xx_hal_cortex.c.obj
 .debug_aranges
                0x00000000000001e0       0x50 CMakeFiles/AutoJoystick.elf.dir/Drivers/STM32F1xx_HAL_Driver/Src/stm32f1xx_hal_crc.c.obj
 .debug_aranges
                0x0000000000000230       0x58 CMakeFiles/AutoJoystick.elf.dir/Drivers/STM32F1xx_HAL_Driver/Src/stm32f1xx_hal_gpio.c.obj
 .debug_aranges
                0x0000000000000288      0x120 CMakeFiles/AutoJoystick.elf.dir/Drivers/STM32F1xx_HAL_Driver/Src/stm32f1xx_hal_pcd.c.obj
 .debug_aranges
                0x00000000000003a8       0x38 CMakeFiles/AutoJoystick.elf.dir/Drivers/STM32F1xx_HAL_Driver/Src/stm32f1xx_hal_pcd_ex.c.obj
 .debug_aranges
                0x00000000000003e0       0x90 CMakeFiles/AutoJoystick.elf.dir/Drivers/STM32F1xx_HAL_Driver/Src/stm32f1xx_hal_rcc.c.obj
 .debug_aranges
                0x0000000000000470       0x30 CMakeFiles/AutoJoystick.elf.dir/Drivers/STM32F1xx_HAL_Driver/Src/stm32f1xx_hal_rcc_ex.c.obj
 .debug_aranges
                0x00000000000004a0      0x3a8 CMakeFiles/AutoJoystick.elf.dir/Drivers/STM32F1xx_HAL_Driver/Src/stm32f1xx_hal_tim.c.obj
 .debug_aranges
                0x0000000000000848      0x150 CMakeFiles/AutoJoystick.elf.dir/Drivers/STM32F1xx_HAL_Driver/Src/stm32f1xx_hal_tim_ex.c.obj
 .debug_aranges
                0x0000000000000998      0x1d0 CMakeFiles/AutoJoystick.elf.dir/Drivers/STM32F1xx_HAL_Driver/Src/stm32f1xx_hal_uart.c.obj
 .debug_aranges
                0x0000000000000b68      0x108 CMakeFiles/AutoJoystick.elf.dir/Drivers/STM32F1xx_HAL_Driver/Src/stm32f1xx_ll_usb.c.obj
 .debug_aranges
                0x0000000000000c70       0x68 CMakeFiles/AutoJoystick.elf.dir/Middlewares/ST/STM32_USB_Device_Library/Class/HID/Src/usbd_hid.c.obj
 .debug_aranges
                0x0000000000000cd8       0xb8 CMakeFiles/AutoJoystick.elf.dir/Middlewares/ST/STM32_USB_Device_Library/Core/Src/usbd_core.c.obj
 .debug_aranges
                0x0000000000000d90       0x88 CMakeFiles/AutoJoystick.elf.dir/Middlewares/ST/STM32_USB_Device_Library/Core/Src/usbd_ctlreq.c.obj
 .debug_aranges
                0x0000000000000e18       0x50 CMakeFiles/AutoJoystick.elf.dir/Middlewares/ST/STM32_USB_Device_Library/Core/Src/usbd_ioreq.c.obj
 .debug_aranges
                0x0000000000000e68      0x1d8 CMakeFiles/AutoJoystick.elf.dir/Middlewares/Third_Party/FreeRTOS/Source/CMSIS_RTOS/cmsis_os.c.obj
 .debug_aranges
                0x0000000000001040       0x40 CMakeFiles/AutoJoystick.elf.dir/Middlewares/Third_Party/FreeRTOS/Source/list.c.obj
 .debug_aranges
                0x0000000000001080       0x78 CMakeFiles/AutoJoystick.elf.dir/Middlewares/Third_Party/FreeRTOS/Source/portable/GCC/ARM_CM3/port.c.obj
 .debug_aranges
                0x00000000000010f8       0x50 CMakeFiles/AutoJoystick.elf.dir/Middlewares/Third_Party/FreeRTOS/Source/portable/MemMang/heap_4.c.obj
 .debug_aranges
                0x0000000000001148      0x1a0 CMakeFiles/AutoJoystick.elf.dir/Middlewares/Third_Party/FreeRTOS/Source/tasks.c.obj
 .debug_aranges
                0x00000000000012e8       0x40 CMakeFiles/AutoJoystick.elf.dir/Src/My/pc.c.obj
 .debug_aranges
                0x0000000000001328       0x28 CMakeFiles/AutoJoystick.elf.dir/Src/My/program.c.obj
 .debug_aranges
                0x0000000000001350       0x38 CMakeFiles/AutoJoystick.elf.dir/Src/My/usb.c.obj
 .debug_aranges
                0x0000000000001388       0x58 CMakeFiles/AutoJoystick.elf.dir/Src/main.c.obj
 .debug_aranges
                0x00000000000013e0       0x40 CMakeFiles/AutoJoystick.elf.dir/Src/stm32f1xx_hal_msp.c.obj
 .debug_aranges
                0x0000000000001420       0x30 CMakeFiles/AutoJoystick.elf.dir/Src/stm32f1xx_hal_timebase_tim.c.obj
 .debug_aranges
                0x0000000000001450       0x58 CMakeFiles/AutoJoystick.elf.dir/Src/stm32f1xx_it.c.obj
 .debug_aranges
                0x00000000000014a8       0x28 CMakeFiles/AutoJoystick.elf.dir/Src/system_stm32f1xx.c.obj
 .debug_aranges
                0x00000000000014d0       0x20 CMakeFiles/AutoJoystick.elf.dir/Src/usb_device.c.obj
 .debug_aranges
                0x00000000000014f0      0x118 CMakeFiles/AutoJoystick.elf.dir/Src/usbd_conf.c.obj
 .debug_aranges
                0x0000000000001608       0x60 CMakeFiles/AutoJoystick.elf.dir/Src/usbd_desc.c.obj
 .debug_aranges
                0x0000000000001668       0x28 CMakeFiles/AutoJoystick.elf.dir/startup/startup_stm32f103xe.s.obj

.debug_ranges   0x0000000000000000     0x1488
 .debug_ranges  0x0000000000000000       0xd0 CMakeFiles/AutoJoystick.elf.dir/Drivers/STM32F1xx_HAL_Driver/Src/stm32f1xx_hal.c.obj